Archive member included to satisfy reference by file (symbol)

C:/Users/silsp/AppData/Roaming/Code/User/globalStorage/bmd.stm32-for-vscode/@xpack-dev-tools/arm-none-eabi-gcc/13.2.1-1.1.1/.content/bin/../lib/gcc/arm-none-eabi/13.2.1/../../../../arm-none-eabi/lib/thumb/v7e-m+fp/hard\libc_nano.a(libc_a-atexit.o)
                              C:/Users/silsp/AppData/Roaming/Code/User/globalStorage/bmd.stm32-for-vscode/@xpack-dev-tools/arm-none-eabi-gcc/13.2.1-1.1.1/.content/bin/../lib/gcc/arm-none-eabi/13.2.1/../../../../arm-none-eabi/lib/thumb/v7e-m+fp/hard/crt0.o (atexit)
C:/Users/silsp/AppData/Roaming/Code/User/globalStorage/bmd.stm32-for-vscode/@xpack-dev-tools/arm-none-eabi-gcc/13.2.1-1.1.1/.content/bin/../lib/gcc/arm-none-eabi/13.2.1/../../../../arm-none-eabi/lib/thumb/v7e-m+fp/hard\libc_nano.a(libc_a-exit.o)
                              C:/Users/silsp/AppData/Roaming/Code/User/globalStorage/bmd.stm32-for-vscode/@xpack-dev-tools/arm-none-eabi-gcc/13.2.1-1.1.1/.content/bin/../lib/gcc/arm-none-eabi/13.2.1/../../../../arm-none-eabi/lib/thumb/v7e-m+fp/hard/crt0.o (exit)
C:/Users/silsp/AppData/Roaming/Code/User/globalStorage/bmd.stm32-for-vscode/@xpack-dev-tools/arm-none-eabi-gcc/13.2.1-1.1.1/.content/bin/../lib/gcc/arm-none-eabi/13.2.1/../../../../arm-none-eabi/lib/thumb/v7e-m+fp/hard\libc_nano.a(libc_a-findfp.o)
                              C:/Users/silsp/AppData/Roaming/Code/User/globalStorage/bmd.stm32-for-vscode/@xpack-dev-tools/arm-none-eabi-gcc/13.2.1-1.1.1/.content/bin/../lib/gcc/arm-none-eabi/13.2.1/../../../../arm-none-eabi/lib/thumb/v7e-m+fp/hard\libc_nano.a(libc_a-exit.o) (__stdio_exit_handler)
C:/Users/silsp/AppData/Roaming/Code/User/globalStorage/bmd.stm32-for-vscode/@xpack-dev-tools/arm-none-eabi-gcc/13.2.1-1.1.1/.content/bin/../lib/gcc/arm-none-eabi/13.2.1/../../../../arm-none-eabi/lib/thumb/v7e-m+fp/hard\libc_nano.a(libc_a-fwalk.o)
                              C:/Users/silsp/AppData/Roaming/Code/User/globalStorage/bmd.stm32-for-vscode/@xpack-dev-tools/arm-none-eabi-gcc/13.2.1-1.1.1/.content/bin/../lib/gcc/arm-none-eabi/13.2.1/../../../../arm-none-eabi/lib/thumb/v7e-m+fp/hard\libc_nano.a(libc_a-findfp.o) (_fwalk_sglue)
C:/Users/silsp/AppData/Roaming/Code/User/globalStorage/bmd.stm32-for-vscode/@xpack-dev-tools/arm-none-eabi-gcc/13.2.1-1.1.1/.content/bin/../lib/gcc/arm-none-eabi/13.2.1/../../../../arm-none-eabi/lib/thumb/v7e-m+fp/hard\libc_nano.a(libc_a-sprintf.o)
                              build/lcd_menu.o (sprintf)
C:/Users/silsp/AppData/Roaming/Code/User/globalStorage/bmd.stm32-for-vscode/@xpack-dev-tools/arm-none-eabi-gcc/13.2.1-1.1.1/.content/bin/../lib/gcc/arm-none-eabi/13.2.1/../../../../arm-none-eabi/lib/thumb/v7e-m+fp/hard\libc_nano.a(libc_a-stdio.o)
                              C:/Users/silsp/AppData/Roaming/Code/User/globalStorage/bmd.stm32-for-vscode/@xpack-dev-tools/arm-none-eabi-gcc/13.2.1-1.1.1/.content/bin/../lib/gcc/arm-none-eabi/13.2.1/../../../../arm-none-eabi/lib/thumb/v7e-m+fp/hard\libc_nano.a(libc_a-findfp.o) (__sread)
C:/Users/silsp/AppData/Roaming/Code/User/globalStorage/bmd.stm32-for-vscode/@xpack-dev-tools/arm-none-eabi-gcc/13.2.1-1.1.1/.content/bin/../lib/gcc/arm-none-eabi/13.2.1/../../../../arm-none-eabi/lib/thumb/v7e-m+fp/hard\libc_nano.a(libc_a-memset.o)
                              C:/Users/silsp/AppData/Roaming/Code/User/globalStorage/bmd.stm32-for-vscode/@xpack-dev-tools/arm-none-eabi-gcc/13.2.1-1.1.1/.content/bin/../lib/gcc/arm-none-eabi/13.2.1/../../../../arm-none-eabi/lib/thumb/v7e-m+fp/hard/crt0.o (memset)
C:/Users/silsp/AppData/Roaming/Code/User/globalStorage/bmd.stm32-for-vscode/@xpack-dev-tools/arm-none-eabi-gcc/13.2.1-1.1.1/.content/bin/../lib/gcc/arm-none-eabi/13.2.1/../../../../arm-none-eabi/lib/thumb/v7e-m+fp/hard\libc_nano.a(libc_a-closer.o)
                              C:/Users/silsp/AppData/Roaming/Code/User/globalStorage/bmd.stm32-for-vscode/@xpack-dev-tools/arm-none-eabi-gcc/13.2.1-1.1.1/.content/bin/../lib/gcc/arm-none-eabi/13.2.1/../../../../arm-none-eabi/lib/thumb/v7e-m+fp/hard\libc_nano.a(libc_a-stdio.o) (_close_r)
C:/Users/silsp/AppData/Roaming/Code/User/globalStorage/bmd.stm32-for-vscode/@xpack-dev-tools/arm-none-eabi-gcc/13.2.1-1.1.1/.content/bin/../lib/gcc/arm-none-eabi/13.2.1/../../../../arm-none-eabi/lib/thumb/v7e-m+fp/hard\libc_nano.a(libc_a-reent.o)
                              C:/Users/silsp/AppData/Roaming/Code/User/globalStorage/bmd.stm32-for-vscode/@xpack-dev-tools/arm-none-eabi-gcc/13.2.1-1.1.1/.content/bin/../lib/gcc/arm-none-eabi/13.2.1/../../../../arm-none-eabi/lib/thumb/v7e-m+fp/hard\libc_nano.a(libc_a-closer.o) (errno)
C:/Users/silsp/AppData/Roaming/Code/User/globalStorage/bmd.stm32-for-vscode/@xpack-dev-tools/arm-none-eabi-gcc/13.2.1-1.1.1/.content/bin/../lib/gcc/arm-none-eabi/13.2.1/../../../../arm-none-eabi/lib/thumb/v7e-m+fp/hard\libc_nano.a(libc_a-impure.o)
[...]
Memory Configuration

Name             Origin             Length             Attributes
RAM              0x20000000         0x00020000         xrw
FLASH            0x08000000         0x00080000         xr
*default*        0x00000000         0xffffffff

Linker script and memory map

LOAD C:/Users/silsp/AppData/Roaming/Code/User/globalStorage/bmd.stm32-for-vscode/@xpack-dev-tools/arm-none-eabi-gcc/13.2.1-1.1.1/.content/bin/../lib/gcc/arm-none-eabi/13.2.1/thumb/v7e-m+fp/hard/crti.o
LOAD C:/Users/silsp/AppData/Roaming/Code/User/globalStorage/bmd.stm32-for-vscode/@xpack-dev-tools/arm-none-eabi-gcc/13.2.1-1.1.1/.content/bin/../lib/gcc/arm-none-eabi/13.2.1/thumb/v7e-m+fp/hard/crtbegin.o
LOAD C:/Users/silsp/AppData/Roaming/Code/User/globalStorage/bmd.stm32-for-vscode/@xpack-dev-tools/arm-none-eabi-gcc/13.2.1-1.1.1/.content/bin/../lib/gcc/arm-none-eabi/13.2.1/../../../../arm-none-eabi/lib/thumb/v7e-m+fp/hard/crt0.o
LOAD build/adc.o
LOAD build/button.o
LOAD build/button_driver.o
LOAD build/dma.o
LOAD build/gpio.o
LOAD build/joystick.o
LOAD build/lcd_driver.o
LOAD build/lcd_menu.o
LOAD build/main.o
LOAD build/music_player.o
LOAD build/my_display_handler.o
LOAD build/my_event_handler.o
LOAD build/my_funcs.o
LOAD build/spi.o
LOAD build/stm32f4xx_hal_msp.o
LOAD build/stm32f4xx_it.o
LOAD build/syscalls.o
LOAD build/sysmem.o
LOAD build/system_stm32f4xx.o
LOAD build/tim.o
LOAD build/usart.o
LOAD build/stm32f4xx_hal.o
LOAD build/stm32f4xx_hal_adc.o
LOAD build/stm32f4xx_hal_adc_ex.o
LOAD build/stm32f4xx_hal_cortex.o
LOAD build/stm32f4xx_hal_dma.o
LOAD build/stm32f4xx_hal_dma_ex.o
LOAD build/stm32f4xx_hal_exti.o
LOAD build/stm32f4xx_hal_flash.o
LOAD build/stm32f4xx_hal_flash_ex.o
LOAD build/stm32f4xx_hal_flash_ramfunc.o
LOAD build/stm32f4xx_hal_gpio.o
LOAD build/stm32f4xx_hal_pwr.o
LOAD build/stm32f4xx_hal_pwr_ex.o
LOAD build/stm32f4xx_hal_rcc.o
LOAD build/stm32f4xx_hal_rcc_ex.o
LOAD build/stm32f4xx_hal_spi.o
LOAD build/stm32f4xx_hal_tim.o
LOAD build/stm32f4xx_hal_tim_ex.o
LOAD build/stm32f4xx_hal_uart.o
LOAD build/stm32f4xx_ll_adc.o
LOAD build/startup_stm32f446xx.o
LOAD C:/Users/silsp/AppData/Roaming/Code/User/globalStorage/bmd.stm32-for-vscode/@xpack-dev-tools/arm-none-eabi-gcc/13.2.1-1.1.1/.content/bin/../lib/gcc/arm-none-eabi/13.2.1/../../../../arm-none-eabi/lib/thumb/v7e-m+fp/hard\libc_nano.a
LOAD C:/Users/silsp/AppData/Roaming/Code/User/globalStorage/bmd.stm32-for-vscode/@xpack-dev-tools/arm-none-eabi-gcc/13.2.1-1.1.1/.content/bin/../lib/gcc/arm-none-eabi/13.2.1/../../../../arm-none-eabi/lib/thumb/v7e-m+fp/hard\libm.a
LOAD C:/Users/silsp/AppData/Roaming/Code/User/globalStorage/bmd.stm32-for-vscode/@xpack-dev-tools/arm-none-eabi-gcc/13.2.1-1.1.1/.content/bin/../lib/gcc/arm-none-eabi/13.2.1/../../../../arm-none-eabi/lib/thumb/v7e-m+fp/hard\libnosys.a
START GROUP
LOAD C:/Users/silsp/AppData/Roaming/Code/User/globalStorage/bmd.stm32-for-vscode/@xpack-dev-tools/arm-none-eabi-gcc/13.2.1-1.1.1/.content/bin/../lib/gcc/arm-none-eabi/13.2.1/thumb/v7e-m+fp/hard\libgcc.a
LOAD C:/Users/silsp/AppData/Roaming/Code/User/globalStorage/bmd.stm32-for-vscode/@xpack-dev-tools/arm-none-eabi-gcc/13.2.1-1.1.1/.content/bin/../lib/gcc/arm-none-eabi/13.2.1/../../../../arm-none-eabi/lib/thumb/v7e-m+fp/hard\libc_nano.a
END GROUP
START GROUP
LOAD C:/Users/silsp/AppData/Roaming/Code/User/globalStorage/bmd.stm32-for-vscode/@xpack-dev-tools/arm-none-eabi-gcc/13.2.1-1.1.1/.content/bin/../lib/gcc/arm-none-eabi/13.2.1/thumb/v7e-m+fp/hard\libgcc.a
LOAD C:/Users/silsp/AppData/Roaming/Code/User/globalStorage/bmd.stm32-for-vscode/@xpack-dev-tools/arm-none-eabi-gcc/13.2.1-1.1.1/.content/bin/../lib/gcc/arm-none-eabi/13.2.1/../../../../arm-none-eabi/lib/thumb/v7e-m+fp/hard\libc_nano.a
END GROUP
LOAD C:/Users/silsp/AppData/Roaming/Code/User/globalStorage/bmd.stm32-for-vscode/@xpack-dev-tools/arm-none-eabi-gcc/13.2.1-1.1.1/.content/bin/../lib/gcc/arm-none-eabi/13.2.1/thumb/v7e-m+fp/hard/crtend.o
LOAD C:/Users/silsp/AppData/Roaming/Code/User/globalStorage/bmd.stm32-for-vscode/@xpack-dev-tools/arm-none-eabi-gcc/13.2.1-1.1.1/.content/bin/../lib/gcc/arm-none-eabi/13.2.1/thumb/v7e-m+fp/hard/crtn.o
                0x20020000                        _estack = (ORIGIN (RAM) + LENGTH (RAM))
                0x00000200                        _Min_Heap_Size = 0x200
                0x00000400                        _Min_Stack_Size = 0x400

.isr_vector     0x08000000      0x1c4
                0x08000000                        . = ALIGN (0x4)
 *(.isr_vector)
 .isr_vector    0x08000000      0x1c4 build/startup_stm32f446xx.o
                0x08000000                g_pfnVectors
                0x080001c4                        . = ALIGN (0x4)

.text           0x080001d0     0x5c94
                0x080001d0                        . = ALIGN (0x4)
 *(.text)
 .text          0x080001d0       0x10 C:/Users/silsp/AppData/Roaming/Code/User/globalStorage/bmd.stm32-for-vscode/@xpack-dev-tools/arm-none-eabi-gcc/13.2.1-1.1.1/.content/bin/../lib/gcc/arm-none-eabi/13.2.1/../../../../arm-none-eabi/lib/thumb/v7e-m+fp/hard\libc_nano.a(libc_a-strlen.o)
                0x080001d0                strlen
 .text          0x080001e0       0xa0 C:/Users/silsp/AppData/Roaming/Code/User/globalStorage/bmd.stm32-for-vscode/@xpack-dev-tools/arm-none-eabi-gcc/13.2.1-1.1.1/.content/bin/../lib/gcc/arm-none-eabi/13.2.1/../../../../arm-none-eabi/lib/thumb/v7e-m+fp/hard\libc_nano.a(libc_a-memchr.o)
                0x080001e0                memchr
 .text          0x08000280      0x254 C:/Users/silsp/AppData/Roaming/Code/User/globalStorage/bmd.stm32-for-vscode/@xpack-dev-tools/arm-none-eabi-gcc/13.2.1-1.1.1/.content/bin/../lib/gcc/arm-none-eabi/13.2.1/thumb/v7e-m+fp/hard\libgcc.a(_arm_muldf3.o)
                0x08000280                __muldf3
                0x08000280                __aeabi_dmul
 .text          0x080004d4      0x378 C:/Users/silsp/AppData/Roaming/Code/User/globalStorage/bmd.stm32-for-vscode/@xpack-dev-tools/arm-none-eabi-gcc/13.2.1-1.1.1/.content/bin/../lib/gcc/arm-none-eabi/13.2.1/thumb/v7e-m+fp/hard\libgcc.a(_arm_addsubdf3.o)
                0x080004d4                __aeabi_drsub
                0x080004dc                __aeabi_dsub
                0x080004dc                __subdf3
                0x080004e0                __aeabi_dadd
                0x080004e0                __adddf3
                0x08000758                __floatunsidf
                0x08000758                __aeabi_ui2d
                0x08000778                __floatsidf
                0x08000778                __aeabi_i2d
                0x0800079c                __aeabi_f2d
                0x0800079c                __extendsfdf2
                0x080007e0                __floatundidf
                0x080007e0                __aeabi_ul2d
                0x080007f0                __floatdidf
                0x080007f0                __aeabi_l2d
 .text          0x0800084c       0x50 C:/Users/silsp/AppData/Roaming/Code/User/globalStorage/bmd.stm32-for-vscode/@xpack-dev-tools/arm-none-eabi-gcc/13.2.1-1.1.1/.content/bin/../lib/gcc/arm-none-eabi/13.2.1/thumb/v7e-m+fp/hard\libgcc.a(_arm_fixdfsi.o)
                0x0800084c                __aeabi_d2iz
                0x0800084c                __fixdfsi
 .text          0x0800089c       0x30 C:/Users/silsp/AppData/Roaming/Code/User/globalStorage/bmd.stm32-for-vscode/@xpack-dev-tools/arm-none-eabi-gcc/13.2.1-1.1.1/.content/bin/../lib/gcc/arm-none-eabi/13.2.1/thumb/v7e-m+fp/hard\libgcc.a(_aeabi_uldivmod.o)
                0x0800089c                __aeabi_uldivmod
 .text          0x080008cc        0x4 C:/Users/silsp/AppData/Roaming/Code/User/globalStorage/bmd.stm32-for-vscode/@xpack-dev-tools/arm-none-eabi-gcc/13.2.1-1.1.1/.content/bin/../lib/gcc/arm-none-eabi/13.2.1/thumb/v7e-m+fp/hard\libgcc.a(_dvmd_tls.o)
                0x080008cc                __aeabi_idiv0
                0x080008cc                __aeabi_ldiv0
 *(.text*)
 .text.__do_global_dtors_aux
                0x080008d0       0x24 C:/Users/silsp/AppData/Roaming/Code/User/globalStorage/bmd.stm32-for-vscode/@xpack-dev-tools/arm-none-eabi-gcc/13.2.1-1.1.1/.content/bin/../lib/gcc/arm-none-eabi/13.2.1/thumb/v7e-m+fp/hard/crtbegin.o
 .text.frame_dummy
                0x080008f4       0x1c C:/Users/silsp/AppData/Roaming/Code/User/globalStorage/bmd.stm32-for-vscode/@xpack-dev-tools/arm-none-eabi-gcc/13.2.1-1.1.1/.content/bin/../lib/gcc/arm-none-eabi/13.2.1/thumb/v7e-m+fp/hard/crtbegin.o
 .text.MX_ADC1_Init
                0x08000910       0x8c build/adc.o
                0x08000910                MX_ADC1_Init
 .text.HAL_ADC_MspInit
                0x0800099c       0xa8 build/adc.o
                0x0800099c                HAL_ADC_MspInit
 .text.Button_sample
                0x08000a44        0xa build/button.o
 .text.Button_getEdge
                0x08000a4e        0xa build/button.o
 .text.Button_init
                0x08000a58       0x48 build/button.o
                0x08000a58                Button_init
 .text.InputFilter_getEdge
                0x08000aa0        0xa build/button_driver.o
 .text.InputFilter_sample
                0x08000aaa       0x3c build/button_driver.o
 *fill*         0x08000ae6        0x2 
 .text.InputFilter_init
                0x08000ae8       0x28 build/button_driver.o
                0x08000ae8                InputFilter_init
 .text.MX_DMA_Init
                0x08000b10       0x58 build/dma.o
                0x08000b10                MX_DMA_Init
 .text.MX_GPIO_Init
                0x08000b68       0xfc build/gpio.o
                0x08000b68                MX_GPIO_Init
 .text.Joystick_sample
                0x08000c64       0x24 build/joystick.o
 .text.Joystick_getDirection
                0x08000c88       0x4a build/joystick.o
                0x08000c88                Joystick_getDirection
 *fill*         0x08000cd2        0x2 
 .text.Joystick_init
                0x08000cd4       0x84 build/joystick.o
                0x08000cd4                Joystick_init
 .text.registerSelect
                0x08000d58       0x14 build/lcd_driver.o
 .text.chipSelect
                0x08000d6c       0x14 build/lcd_driver.o
 .text.sendInstruction
                0x08000d80       0x34 build/lcd_driver.o
 .text.sendData
                0x08000db4       0x34 build/lcd_driver.o
 .text.displayReset
                0x08000de8       0x30 build/lcd_driver.o
 .text.lcd_setContrast
                0x08000e18       0x18 build/lcd_driver.o
                0x08000e18                lcd_setContrast
 .text.lcd_setPixel
                0x08000e30       0x40 build/lcd_driver.o
                0x08000e30                lcd_setPixel
 .text.lcd_clear
                0x08000e70       0x1c build/lcd_driver.o
                0x08000e70                lcd_clear
 .text.lcd_init
                0x08000e8c       0x3c build/lcd_driver.o
                0x08000e8c                lcd_init
 .text.lcd_setChar
                0x08000ec8       0x80 build/lcd_driver.o
                0x08000ec8                lcd_setChar
 .text.lcd_setString
                0x08000f48       0x44 build/lcd_driver.o
                0x08000f48                lcd_setString
 .text.lcd_show
                0x08000f8c       0x44 build/lcd_driver.o
                0x08000f8c                lcd_show
 .text.lcd_setFrame
                0x08000fd0       0x4e build/lcd_driver.o
                0x08000fd0                lcd_setFrame
 .text.lcd_setBar
                0x0800101e       0x30 build/lcd_driver.o
                0x0800101e                lcd_setBar
 *fill*         0x0800104e        0x2 
 .text.lcd_setSymbol8
                0x08001050       0x68 build/lcd_driver.o
                0x08001050                lcd_setSymbol8
 .text.runningMan
                0x080010b8       0x40 build/lcd_menu.o
 .text.renderingAction
                0x080010f8       0x5c build/lcd_menu.o
 .text.renderingMenuPage
                0x08001154       0x88 build/lcd_menu.o
 .text.renderingScrollBar
                0x080011dc       0x40 build/lcd_menu.o
 .text.renderingMenu
                0x0800121c       0x38 build/lcd_menu.o
 .text.menu_setMainMenu
                0x08001254       0x10 build/lcd_menu.o
                0x08001254                menu_setMainMenu
 .text.menu_registerDrawMenuItem2
                0x08001264       0x14 build/lcd_menu.o
                0x08001264                menu_registerDrawMenuItem2
 .text.menu_show
                0x08001278       0x2c build/lcd_menu.o
                0x08001278                menu_show
 .text.menu_update
                0x080012a4       0xc4 build/lcd_menu.o
                0x080012a4                menu_update
 .text.HAL_GPIO_EXTI_Callback
                0x08001368       0x18 build/main.o
                0x08001368                HAL_GPIO_EXTI_Callback
 .text.HAL_SYSTICK_Callback
                0x08001380       0x28 build/main.o
                0x08001380                HAL_SYSTICK_Callback
 .text.HAL_TIM_PeriodElapsedCallback
                0x080013a8       0x24 build/main.o
                0x080013a8                HAL_TIM_PeriodElapsedCallback
 .text.Error_Handler
                0x080013cc        0x4 build/main.o
                0x080013cc                Error_Handler
 .text.SystemClock_Config
                0x080013d0       0xb0 build/main.o
                0x080013d0                SystemClock_Config
 .text.main     0x08001480      0x17c build/main.o
                0x08001480                main
 .text.MusicPlayer
                0x080015fc       0xbc build/music_player.o
                0x080015fc                MusicPlayer
 .text.print_display
                0x080016b8      0x3c4 build/my_display_handler.o
                0x080016b8                print_display
 .text.drawMenuItem_Callback2
                0x08001a7c       0xb4 build/my_event_handler.o
                0x08001a7c                drawMenuItem_Callback2
 .text.handleMenuEntryEvent
                0x08001b30       0xf8 build/my_event_handler.o
                0x08001b30                handleMenuEntryEvent
 .text.handleMenuExitEvent
                0x08001c28      0x138 build/my_event_handler.o
                0x08001c28                handleMenuExitEvent
 .text.screen_setup
                0x08001d60       0x90 build/my_funcs.o
                0x08001d60                screen_setup
 .text.check_joystick
                0x08001df0       0x74 build/my_funcs.o
                0x08001df0                check_joystick
 .text.motor_menu
                0x08001e64       0xc8 build/my_funcs.o
                0x08001e64                motor_menu
 .text.sendToUart
                0x08001f2c       0x64 build/my_funcs.o
                0x08001f2c                sendToUart
 .text.buzz_regulator
                0x08001f90       0x34 build/my_funcs.o
                0x08001f90                buzz_regulator
 .text.MX_SPI1_Init
                0x08001fc4       0x44 build/spi.o
                0x08001fc4                MX_SPI1_Init
 .text.HAL_SPI_MspInit
                0x08002008       0x70 build/spi.o
                0x08002008                HAL_SPI_MspInit
 .text.HAL_MspInit
                0x08002078       0x38 build/stm32f4xx_hal_msp.o
                0x08002078                HAL_MspInit
 .text.NMI_Handler
                0x080020b0        0x2 build/stm32f4xx_it.o
                0x080020b0                NMI_Handler
 .text.HardFault_Handler
                0x080020b2        0x2 build/stm32f4xx_it.o
                0x080020b2                HardFault_Handler
 .text.MemManage_Handler
                0x080020b4        0x2 build/stm32f4xx_it.o
                0x080020b4                MemManage_Handler
 .text.BusFault_Handler
                0x080020b6        0x2 build/stm32f4xx_it.o
                0x080020b6                BusFault_Handler
 .text.UsageFault_Handler
                0x080020b8        0x2 build/stm32f4xx_it.o
                0x080020b8                UsageFault_Handler
 .text.SVC_Handler
                0x080020ba        0x2 build/stm32f4xx_it.o
                0x080020ba                SVC_Handler
 .text.DebugMon_Handler
                0x080020bc        0x2 build/stm32f4xx_it.o
                0x080020bc                DebugMon_Handler
 .text.PendSV_Handler
                0x080020be        0x2 build/stm32f4xx_it.o
                0x080020be                PendSV_Handler
 .text.SysTick_Handler
                0x080020c0        0xc build/stm32f4xx_it.o
                0x080020c0                SysTick_Handler
 .text.DMA1_Stream6_IRQHandler
                0x080020cc       0x10 build/stm32f4xx_it.o
                0x080020cc                DMA1_Stream6_IRQHandler
 .text.USART2_IRQHandler
                0x080020dc       0x10 build/stm32f4xx_it.o
                0x080020dc                USART2_IRQHandler
 .text.EXTI15_10_IRQHandler
                0x080020ec        0xc build/stm32f4xx_it.o
                0x080020ec                EXTI15_10_IRQHandler
 .text.TIM6_DAC_IRQHandler
                0x080020f8       0x10 build/stm32f4xx_it.o
                0x080020f8                TIM6_DAC_IRQHandler
 .text.DMA2_Stream0_IRQHandler
                0x08002108       0x10 build/stm32f4xx_it.o
                0x08002108                DMA2_Stream0_IRQHandler
 .text._sbrk    0x08002118       0x48 build/sysmem.o
                0x08002118                _sbrk
 .text.SystemInit
                0x08002160       0x14 build/system_stm32f4xx.o
                0x08002160                SystemInit
 .text.MX_TIM6_Init
                0x08002174       0x50 build/tim.o
                0x08002174                MX_TIM6_Init
 .text.HAL_TIM_Base_MspInit
                0x080021c4       0xa0 build/tim.o
                0x080021c4                HAL_TIM_Base_MspInit
 .text.HAL_TIM_PWM_MspInit
                0x08002264       0x30 build/tim.o
                0x08002264                HAL_TIM_PWM_MspInit
 .text.HAL_TIM_MspPostInit
                0x08002294       0x8c build/tim.o
                0x08002294                HAL_TIM_MspPostInit
 .text.MX_TIM2_Init
                0x08002320       0xb0 build/tim.o
                0x08002320                MX_TIM2_Init
 .text.MX_TIM3_Init
                0x080023d0       0x9c build/tim.o
                0x080023d0                MX_TIM3_Init
 .text.MX_USART2_UART_Init
                0x0800246c       0x34 build/usart.o
                0x0800246c                MX_USART2_UART_Init
 .text.HAL_UART_MspInit
                0x080024a0       0xbc build/usart.o
                0x080024a0                HAL_UART_MspInit
 .text.HAL_InitTick
                0x0800255c       0x4c build/stm32f4xx_hal.o
                0x0800255c                HAL_InitTick
 .text.HAL_Init
                0x080025a8       0x34 build/stm32f4xx_hal.o
                0x080025a8                HAL_Init
 .text.HAL_IncTick
                0x080025dc       0x18 build/stm32f4xx_hal.o
                0x080025dc                HAL_IncTick
 .text.HAL_GetTick
                0x080025f4        0xc build/stm32f4xx_hal.o
                0x080025f4                HAL_GetTick
 .text.HAL_Delay
                0x08002600       0x28 build/stm32f4xx_hal.o
                0x08002600                HAL_Delay
 .text.ADC_Init
                0x08002628      0x134 build/stm32f4xx_hal_adc.o
 .text.HAL_ADC_Init
                0x0800275c       0x56 build/stm32f4xx_hal_adc.o
                0x0800275c                HAL_ADC_Init
 *fill*         0x080027b2        0x2 
 .text.HAL_ADC_Start_DMA
                0x080027b4      0x19c build/stm32f4xx_hal_adc.o
                0x080027b4                HAL_ADC_Start_DMA
 .text.HAL_ADC_ConvCpltCallback
                0x08002950        0x2 build/stm32f4xx_hal_adc.o
                0x08002950                HAL_ADC_ConvCpltCallback
 .text.HAL_ADC_ConvHalfCpltCallback
                0x08002952        0x2 build/stm32f4xx_hal_adc.o
                0x08002952                HAL_ADC_ConvHalfCpltCallback
 .text.ADC_DMAHalfConvCplt
                0x08002954        0xa build/stm32f4xx_hal_adc.o
 .text.HAL_ADC_ErrorCallback
                0x0800295e        0x2 build/stm32f4xx_hal_adc.o
                0x0800295e                HAL_ADC_ErrorCallback
 .text.ADC_DMAError
                0x08002960       0x16 build/stm32f4xx_hal_adc.o
 .text.ADC_DMAConvCplt
                0x08002976       0x72 build/stm32f4xx_hal_adc.o
 .text.HAL_ADC_ConfigChannel
                0x080029e8      0x1ac build/stm32f4xx_hal_adc.o
                0x080029e8                HAL_ADC_ConfigChannel
 .text.__NVIC_EnableIRQ
                0x08002b94       0x1c build/stm32f4xx_hal_cortex.o
 .text.__NVIC_SetPriority
                0x08002bb0       0x28 build/stm32f4xx_hal_cortex.o
 .text.NVIC_EncodePriority
                0x08002bd8       0x3e build/stm32f4xx_hal_cortex.o
 *fill*         0x08002c16        0x2 
 .text.HAL_NVIC_SetPriorityGrouping
                0x08002c18       0x24 build/stm32f4xx_hal_cortex.o
                0x08002c18                HAL_NVIC_SetPriorityGrouping
 .text.HAL_NVIC_SetPriority
                0x08002c3c       0x20 build/stm32f4xx_hal_cortex.o
                0x08002c3c                HAL_NVIC_SetPriority
 .text.HAL_NVIC_EnableIRQ
                0x08002c5c        0x8 build/stm32f4xx_hal_cortex.o
                0x08002c5c                HAL_NVIC_EnableIRQ
 .text.HAL_SYSTICK_Config
                0x08002c64       0x28 build/stm32f4xx_hal_cortex.o
                0x08002c64                HAL_SYSTICK_Config
 .text.HAL_SYSTICK_CLKSourceConfig
                0x08002c8c       0x20 build/stm32f4xx_hal_cortex.o
                0x08002c8c                HAL_SYSTICK_CLKSourceConfig
 .text.HAL_SYSTICK_IRQHandler
                0x08002cac        0x8 build/stm32f4xx_hal_cortex.o
                0x08002cac                HAL_SYSTICK_IRQHandler
 .text.DMA_SetConfig
                0x08002cb4       0x2c build/stm32f4xx_hal_dma.o
 .text.DMA_CalcBaseAndBitshift
                0x08002ce0       0x3c build/stm32f4xx_hal_dma.o
 .text.DMA_CheckFifoParam
                0x08002d1c       0x8e build/stm32f4xx_hal_dma.o
 *fill*         0x08002daa        0x2 
 .text.HAL_DMA_Init
                0x08002dac       0xcc build/stm32f4xx_hal_dma.o
                0x08002dac                HAL_DMA_Init
 .text.HAL_DMA_Start_IT
                0x08002e78       0x6a build/stm32f4xx_hal_dma.o
                0x08002e78                HAL_DMA_Start_IT
 .text.HAL_DMA_Abort
                0x08002ee2       0x94 build/stm32f4xx_hal_dma.o
                0x08002ee2                HAL_DMA_Abort
 .text.HAL_DMA_Abort_IT
                0x08002f76       0x26 build/stm32f4xx_hal_dma.o
                0x08002f76                HAL_DMA_Abort_IT
 .text.HAL_DMA_IRQHandler
                0x08002f9c      0x1dc build/stm32f4xx_hal_dma.o
                0x08002f9c                HAL_DMA_IRQHandler
 .text.HAL_GPIO_Init
                0x08003178      0x1e0 build/stm32f4xx_hal_gpio.o
                0x08003178                HAL_GPIO_Init
 .text.HAL_GPIO_ReadPin
                0x08003358        0xe build/stm32f4xx_hal_gpio.o
                0x08003358                HAL_GPIO_ReadPin
 .text.HAL_GPIO_WritePin
                0x08003366        0xc build/stm32f4xx_hal_gpio.o
                0x08003366                HAL_GPIO_WritePin
 .text.HAL_GPIO_TogglePin
                0x08003372       0x12 build/stm32f4xx_hal_gpio.o
                0x08003372                HAL_GPIO_TogglePin
 .text.HAL_GPIO_EXTI_IRQHandler
                0x08003384       0x1c build/stm32f4xx_hal_gpio.o
                0x08003384                HAL_GPIO_EXTI_IRQHandler
 .text.HAL_PWREx_EnableOverDrive
                0x080033a0       0x7c build/stm32f4xx_hal_pwr_ex.o
                0x080033a0                HAL_PWREx_EnableOverDrive
 .text.HAL_RCC_ClockConfig
                0x0800341c      0x160 build/stm32f4xx_hal_rcc.o
                0x0800341c                HAL_RCC_ClockConfig
 .text.HAL_RCC_GetHCLKFreq
                0x0800357c        0xc build/stm32f4xx_hal_rcc.o
                0x0800357c                HAL_RCC_GetHCLKFreq
 .text.HAL_RCC_GetPCLK1Freq
                0x08003588       0x20 build/stm32f4xx_hal_rcc.o
                0x08003588                HAL_RCC_GetPCLK1Freq
 .text.HAL_RCC_GetPCLK2Freq
                0x080035a8       0x20 build/stm32f4xx_hal_rcc.o
                0x080035a8                HAL_RCC_GetPCLK2Freq
 .text.HAL_RCC_GetSysClockFreq
                0x080035c8      0x128 build/stm32f4xx_hal_rcc_ex.o
                0x080035c8                HAL_RCC_GetSysClockFreq
 .text.HAL_RCC_OscConfig
                0x080036f0      0x444 build/stm32f4xx_hal_rcc_ex.o
                0x080036f0                HAL_RCC_OscConfig
 .text.SPI_WaitFlagStateUntilTimeout
                0x08003b34       0xc8 build/stm32f4xx_hal_spi.o
 .text.SPI_EndRxTxTransaction
                0x08003bfc       0x80 build/stm32f4xx_hal_spi.o
 .text.HAL_SPI_Init
                0x08003c7c       0xbe build/stm32f4xx_hal_spi.o
                0x08003c7c                HAL_SPI_Init
 .text.HAL_SPI_Transmit
                0x08003d3a      0x1b8 build/stm32f4xx_hal_spi.o
                0x08003d3a                HAL_SPI_Transmit
 *fill*         0x08003ef2        0x2 
 .text.TIM_OC1_SetConfig
                0x08003ef4       0x70 build/stm32f4xx_hal_tim.o
 .text.TIM_OC3_SetConfig
                0x08003f64       0x70 build/stm32f4xx_hal_tim.o
 .text.TIM_OC4_SetConfig
                0x08003fd4       0x50 build/stm32f4xx_hal_tim.o
 .text.TIM_TI1_ConfigInputStage
                0x08004024       0x26 build/stm32f4xx_hal_tim.o
 .text.TIM_TI2_ConfigInputStage
                0x0800404a       0x28 build/stm32f4xx_hal_tim.o
 .text.TIM_ITRx_SetConfig
                0x08004072       0x10 build/stm32f4xx_hal_tim.o
 *fill*         0x08004082        0x2 
 .text.HAL_TIM_Base_Start_IT
                0x08004084       0x88 build/stm32f4xx_hal_tim.o
                0x08004084                HAL_TIM_Base_Start_IT
 .text.HAL_TIM_OC_MspInit
                0x0800410c        0x2 build/stm32f4xx_hal_tim.o
                0x0800410c                HAL_TIM_OC_MspInit
 .text.HAL_TIM_OC_DelayElapsedCallback
                0x0800410e        0x2 build/stm32f4xx_hal_tim.o
                0x0800410e                HAL_TIM_OC_DelayElapsedCallback
 .text.HAL_TIM_IC_CaptureCallback
                0x08004110        0x2 build/stm32f4xx_hal_tim.o
                0x08004110                HAL_TIM_IC_CaptureCallback
 .text.HAL_TIM_PWM_PulseFinishedCallback
                0x08004112        0x2 build/stm32f4xx_hal_tim.o
                0x08004112                HAL_TIM_PWM_PulseFinishedCallback
 .text.HAL_TIM_TriggerCallback
                0x08004114        0x2 build/stm32f4xx_hal_tim.o
                0x08004114                HAL_TIM_TriggerCallback
 .text.HAL_TIM_IRQHandler
                0x08004116      0x15e build/stm32f4xx_hal_tim.o
                0x08004116                HAL_TIM_IRQHandler
 .text.TIM_Base_SetConfig
                0x08004274       0xd8 build/stm32f4xx_hal_tim.o
                0x08004274                TIM_Base_SetConfig
 .text.HAL_TIM_Base_Init
                0x0800434c       0x58 build/stm32f4xx_hal_tim.o
                0x0800434c                HAL_TIM_Base_Init
 .text.HAL_TIM_OC_Init
                0x080043a4       0x58 build/stm32f4xx_hal_tim.o
                0x080043a4                HAL_TIM_OC_Init
 .text.HAL_TIM_PWM_Init
                0x080043fc       0x58 build/stm32f4xx_hal_tim.o
                0x080043fc                HAL_TIM_PWM_Init
 .text.TIM_OC2_SetConfig
                0x08004454       0x70 build/stm32f4xx_hal_tim.o
                0x08004454                TIM_OC2_SetConfig
 .text.HAL_TIM_OC_ConfigChannel
                0x080044c4       0x5e build/stm32f4xx_hal_tim.o
                0x080044c4                HAL_TIM_OC_ConfigChannel
 .text.HAL_TIM_PWM_ConfigChannel
                0x08004522       0xdc build/stm32f4xx_hal_tim.o
                0x08004522                HAL_TIM_PWM_ConfigChannel
 .text.TIM_ETR_SetConfig
                0x080045fe       0x1a build/stm32f4xx_hal_tim.o
                0x080045fe                TIM_ETR_SetConfig
 .text.HAL_TIM_ConfigClockSource
                0x08004618       0xfe build/stm32f4xx_hal_tim.o
                0x08004618                HAL_TIM_ConfigClockSource
 .text.TIM_CCxChannelCmd
                0x08004716       0x1e build/stm32f4xx_hal_tim.o
                0x08004716                TIM_CCxChannelCmd
 .text.HAL_TIM_OC_Start
                0x08004734      0x104 build/stm32f4xx_hal_tim.o
                0x08004734                HAL_TIM_OC_Start
 .text.HAL_TIM_OC_Stop
                0x08004838       0x8c build/stm32f4xx_hal_tim.o
                0x08004838                HAL_TIM_OC_Stop
 .text.HAL_TIM_PWM_Start
                0x080048c4      0x104 build/stm32f4xx_hal_tim.o
                0x080048c4                HAL_TIM_PWM_Start
 .text.HAL_TIM_PWM_Stop
                0x080049c8       0x8c build/stm32f4xx_hal_tim.o
                0x080049c8                HAL_TIM_PWM_Stop
 .text.HAL_TIMEx_MasterConfigSynchronization
                0x08004a54       0x8c build/stm32f4xx_hal_tim_ex.o
                0x08004a54                HAL_TIMEx_MasterConfigSynchronization
 .text.HAL_TIMEx_CommutCallback
                0x08004ae0        0x2 build/stm32f4xx_hal_tim_ex.o
                0x08004ae0                HAL_TIMEx_CommutCallback
 .text.HAL_TIMEx_BreakCallback
                0x08004ae2        0x2 build/stm32f4xx_hal_tim_ex.o
                0x08004ae2                HAL_TIMEx_BreakCallback
 .text.UART_EndRxTransfer
                0x08004ae4       0x5c build/stm32f4xx_hal_uart.o
 .text.UART_Transmit_IT
                0x08004b40       0x60 build/stm32f4xx_hal_uart.o
 .text.UART_SetConfig
                0x08004ba0      0x110 build/stm32f4xx_hal_uart.o
 .text.UART_WaitOnFlagUntilTimeout
                0x08004cb0       0x86 build/stm32f4xx_hal_uart.o
 .text.HAL_UART_Init
                0x08004d36       0x60 build/stm32f4xx_hal_uart.o
                0x08004d36                HAL_UART_Init
 .text.HAL_UART_Transmit
                0x08004d96       0xcc build/stm32f4xx_hal_uart.o
                0x08004d96                HAL_UART_Transmit
 .text.HAL_UART_TxCpltCallback
                0x08004e62        0x2 build/stm32f4xx_hal_uart.o
                0x08004e62                HAL_UART_TxCpltCallback
 .text.UART_EndTransmit_IT
                0x08004e64       0x1a build/stm32f4xx_hal_uart.o
 .text.HAL_UART_RxCpltCallback
                0x08004e7e        0x2 build/stm32f4xx_hal_uart.o
                0x08004e7e                HAL_UART_RxCpltCallback
 .text.HAL_UART_ErrorCallback
                0x08004e80        0x2 build/stm32f4xx_hal_uart.o
                0x08004e80                HAL_UART_ErrorCallback
 .text.UART_DMAAbortOnError
                0x08004e82       0x10 build/stm32f4xx_hal_uart.o
 .text.HAL_UARTEx_RxEventCallback
                0x08004e92        0x2 build/stm32f4xx_hal_uart.o
                0x08004e92                HAL_UARTEx_RxEventCallback
 .text.UART_Receive_IT
                0x08004e94       0xe6 build/stm32f4xx_hal_uart.o
 *fill*         0x08004f7a        0x2 
 .text.HAL_UART_IRQHandler
                0x08004f7c      0x284 build/stm32f4xx_hal_uart.o
                0x08004f7c                HAL_UART_IRQHandler
 .text.Reset_Handler
                0x08005200       0x50 build/startup_stm32f446xx.o
                0x08005200                Reset_Handler
 .text.Default_Handler
                0x08005250        0x2 build/startup_stm32f446xx.o
                0x08005250                RTC_Alarm_IRQHandler
                0x08005250                EXTI2_IRQHandler
                0x08005250                TIM8_CC_IRQHandler
                0x08005250                FMPI2C1_EV_IRQHandler
                0x08005250                SPI4_IRQHandler
                0x08005250                TIM1_CC_IRQHandler
                0x08005250                DMA2_Stream5_IRQHandler
                0x08005250                DMA1_Stream5_IRQHandler
                0x08005250                PVD_IRQHandler
                0x08005250                SDIO_IRQHandler
                0x08005250                TAMP_STAMP_IRQHandler
                0x08005250                CAN2_RX1_IRQHandler
                0x08005250                EXTI3_IRQHandler
                0x08005250                TIM8_TRG_COM_TIM14_IRQHandler
                0x08005250                TIM1_UP_TIM10_IRQHandler
                0x08005250                TIM8_UP_TIM13_IRQHandler
                0x08005250                I2C3_ER_IRQHandler
                0x08005250                EXTI0_IRQHandler
                0x08005250                I2C2_EV_IRQHandler
                0x08005250                DMA1_Stream2_IRQHandler
                0x08005250                CAN1_RX0_IRQHandler
                0x08005250                FPU_IRQHandler
                0x08005250                OTG_HS_WKUP_IRQHandler
                0x08005250                CAN2_SCE_IRQHandler
                0x08005250                DMA2_Stream2_IRQHandler
                0x08005250                SPI1_IRQHandler
                0x08005250                TIM1_BRK_TIM9_IRQHandler
                0x08005250                DCMI_IRQHandler
                0x08005250                CAN2_RX0_IRQHandler
                0x08005250                DMA2_Stream3_IRQHandler
                0x08005250                SAI2_IRQHandler
                0x08005250                USART6_IRQHandler
                0x08005250                USART3_IRQHandler
                0x08005250                CAN1_RX1_IRQHandler
                0x08005250                UART5_IRQHandler
                0x08005250                TIM4_IRQHandler
                0x08005250                QUADSPI_IRQHandler
                0x08005250                I2C1_EV_IRQHandler
                0x08005250                DMA1_Stream1_IRQHandler
                0x08005250                UART4_IRQHandler
                0x08005250                TIM3_IRQHandler
                0x08005250                RCC_IRQHandler
                0x08005250                TIM8_BRK_TIM12_IRQHandler
                0x08005250                Default_Handler
                0x08005250                CEC_IRQHandler
                0x08005250                ADC_IRQHandler
                0x08005250                DMA1_Stream7_IRQHandler
                0x08005250                TIM7_IRQHandler
                0x08005250                CAN2_TX_IRQHandler
                0x08005250                TIM5_IRQHandler
                0x08005250                DMA2_Stream7_IRQHandler
                0x08005250                I2C3_EV_IRQHandler
                0x08005250                EXTI9_5_IRQHandler
                0x08005250                RTC_WKUP_IRQHandler
                0x08005250                SPDIF_RX_IRQHandler
                0x08005250                SPI2_IRQHandler
                0x08005250                OTG_HS_EP1_IN_IRQHandler
                0x08005250                DMA1_Stream0_IRQHandler
                0x08005250                CAN1_TX_IRQHandler
                0x08005250                FMPI2C1_ER_IRQHandler
                0x08005250                EXTI4_IRQHandler
                0x08005250                OTG_HS_EP1_OUT_IRQHandler
                0x08005250                WWDG_IRQHandler
                0x08005250                TIM2_IRQHandler
                0x08005250                OTG_FS_WKUP_IRQHandler
                0x08005250                TIM1_TRG_COM_TIM11_IRQHandler
                0x08005250                OTG_HS_IRQHandler
                0x08005250                EXTI1_IRQHandler
                0x08005250                I2C2_ER_IRQHandler
                0x08005250                DMA2_Stream1_IRQHandler
                0x08005250                CAN1_SCE_IRQHandler
                0x08005250                FLASH_IRQHandler
                0x08005250                DMA2_Stream4_IRQHandler
                0x08005250                USART1_IRQHandler
                0x08005250                OTG_FS_IRQHandler
                0x08005250                SPI3_IRQHandler
                0x08005250                DMA1_Stream4_IRQHandler
                0x08005250                I2C1_ER_IRQHandler
                0x08005250                FMC_IRQHandler
                0x08005250                DMA2_Stream6_IRQHandler
                0x08005250                SAI1_IRQHandler
                0x08005250                DMA1_Stream3_IRQHandler
 *fill*         0x08005252        0x2 
 .text.sprintf  0x08005254       0x40 C:/Users/silsp/AppData/Roaming/Code/User/globalStorage/bmd.stm32-for-vscode/@xpack-dev-tools/arm-none-eabi-gcc/13.2.1-1.1.1/.content/bin/../lib/gcc/arm-none-eabi/13.2.1/../../../../arm-none-eabi/lib/thumb/v7e-m+fp/hard\libc_nano.a(libc_a-sprintf.o)
                0x08005254                siprintf
                0x08005254                sprintf
 .text.memset   0x08005294       0x10 C:/Users/silsp/AppData/Roaming/Code/User/globalStorage/bmd.stm32-for-vscode/@xpack-dev-tools/arm-none-eabi-gcc/13.2.1-1.1.1/.content/bin/../lib/gcc/arm-none-eabi/13.2.1/../../../../arm-none-eabi/lib/thumb/v7e-m+fp/hard\libc_nano.a(libc_a-memset.o)
                0x08005294                memset
 .text.__errno  0x080052a4        0xc C:/Users/silsp/AppData/Roaming/Code/User/globalStorage/bmd.stm32-for-vscode/@xpack-dev-tools/arm-none-eabi-gcc/13.2.1-1.1.1/.content/bin/../lib/gcc/arm-none-eabi/13.2.1/../../../../arm-none-eabi/lib/thumb/v7e-m+fp/hard\libc_nano.a(libc_a-errno.o)
                0x080052a4                __errno
 .text.__libc_init_array
                0x080052b0       0x48 C:/Users/silsp/AppData/Roaming/Code/User/globalStorage/bmd.stm32-for-vscode/@xpack-dev-tools/arm-none-eabi-gcc/13.2.1-1.1.1/.content/bin/../lib/gcc/arm-none-eabi/13.2.1/../../../../arm-none-eabi/lib/thumb/v7e-m+fp/hard\libc_nano.a(libc_a-init.o)
                0x080052b0                __libc_init_array
 .text.__retarget_lock_acquire_recursive
                0x080052f8        0x2 C:/Users/silsp/AppData/Roaming/Code/User/globalStorage/bmd.stm32-for-vscode/@xpack-dev-tools/arm-none-eabi-gcc/13.2.1-1.1.1/.content/bin/../lib/gcc/arm-none-eabi/13.2.1/../../../../arm-none-eabi/lib/thumb/v7e-m+fp/hard\libc_nano.a(libc_a-lock.o)
                0x080052f8                __retarget_lock_acquire_recursive
 .text.__retarget_lock_release_recursive
                0x080052fa        0x2 C:/Users/silsp/AppData/Roaming/Code/User/globalStorage/bmd.stm32-for-vscode/@xpack-dev-tools/arm-none-eabi-gcc/13.2.1-1.1.1/.content/bin/../lib/gcc/arm-none-eabi/13.2.1/../../../../arm-none-eabi/lib/thumb/v7e-m+fp/hard\libc_nano.a(libc_a-lock.o)
                0x080052fa                __retarget_lock_release_recursive
 .text._free_r  0x080052fc       0x94 C:/Users/silsp/AppData/Roaming/Code/User/globalStorage/bmd.stm32-for-vscode/@xpack-dev-tools/arm-none-eabi-gcc/13.2.1-1.1.1/.content/bin/../lib/gcc/arm-none-eabi/13.2.1/../../../../arm-none-eabi/lib/thumb/v7e-m+fp/hard\libc_nano.a(libc_a-freer.o)
                0x080052fc                _free_r
 .text.sbrk_aligned
                0x08005390       0x44 C:/Users/silsp/AppData/Roaming/Code/User/globalStorage/bmd.stm32-for-vscode/@xpack-dev-tools/arm-none-eabi-gcc/13.2.1-1.1.1/.content/bin/../lib/gcc/arm-none-eabi/13.2.1/../../../../arm-none-eabi/lib/thumb/v7e-m+fp/hard\libc_nano.a(libc_a-mallocr.o)
 .text._malloc_r
                0x080053d4      0x100 C:/Users/silsp/AppData/Roaming/Code/User/globalStorage/bmd.stm32-for-vscode/@xpack-dev-tools/arm-none-eabi-gcc/13.2.1-1.1.1/.content/bin/../lib/gcc/arm-none-eabi/13.2.1/../../../../arm-none-eabi/lib/thumb/v7e-m+fp/hard\libc_nano.a(libc_a-mallocr.o)
                0x080053d4                _malloc_r
 .text.__malloc_lock
                0x080054d4        0xc C:/Users/silsp/AppData/Roaming/Code/User/globalStorage/bmd.stm32-for-vscode/@xpack-dev-tools/arm-none-eabi-gcc/13.2.1-1.1.1/.content/bin/../lib/gcc/arm-none-eabi/13.2.1/../../../../arm-none-eabi/lib/thumb/v7e-m+fp/hard\libc_nano.a(libc_a-mlock.o)
                0x080054d4                __malloc_lock
 .text.__malloc_unlock
                0x080054e0        0xc C:/Users/silsp/AppData/Roaming/Code/User/globalStorage/bmd.stm32-for-vscode/@xpack-dev-tools/arm-none-eabi-gcc/13.2.1-1.1.1/.content/bin/../lib/gcc/arm-none-eabi/13.2.1/../../../../arm-none-eabi/lib/thumb/v7e-m+fp/hard\libc_nano.a(libc_a-mlock.o)
                0x080054e0                __malloc_unlock
 .text.__ssputs_r
                0x080054ec       0xb6 C:/Users/silsp/AppData/Roaming/Code/User/globalStorage/bmd.stm32-for-vscode/@xpack-dev-tools/arm-none-eabi-gcc/13.2.1-1.1.1/.content/bin/../lib/gcc/arm-none-eabi/13.2.1/../../../../arm-none-eabi/lib/thumb/v7e-m+fp/hard\libc_nano.a(libc_a-nano-svfprintf.o)
                0x080054ec                __ssputs_r
 *fill*         0x080055a2        0x2 
 .text._svfprintf_r
                0x080055a4      0x1f8 C:/Users/silsp/AppData/Roaming/Code/User/globalStorage/bmd.stm32-for-vscode/@xpack-dev-tools/arm-none-eabi-gcc/13.2.1-1.1.1/.content/bin/../lib/gcc/arm-none-eabi/13.2.1/../../../../arm-none-eabi/lib/thumb/v7e-m+fp/hard\libc_nano.a(libc_a-nano-svfprintf.o)
                0x080055a4                _svfiprintf_r
                0x080055a4                _svfprintf_r
 .text._printf_common
                0x0800579c       0xda C:/Users/silsp/AppData/Roaming/Code/User/globalStorage/bmd.stm32-for-vscode/@xpack-dev-tools/arm-none-eabi-gcc/13.2.1-1.1.1/.content/bin/../lib/gcc/arm-none-eabi/13.2.1/../../../../arm-none-eabi/lib/thumb/v7e-m+fp/hard\libc_nano.a(libc_a-nano-vfprintf_i.o)
                0x0800579c                _printf_common
 *fill*         0x08005876        0x2 
 .text._printf_i
                0x08005878      0x23c C:/Users/silsp/AppData/Roaming/Code/User/globalStorage/bmd.stm32-for-vscode/@xpack-dev-tools/arm-none-eabi-gcc/13.2.1-1.1.1/.content/bin/../lib/gcc/arm-none-eabi/13.2.1/../../../../arm-none-eabi/lib/thumb/v7e-m+fp/hard\libc_nano.a(libc_a-nano-vfprintf_i.o)
                0x08005878                _printf_i
 .text.memmove  0x08005ab4       0x34 C:/Users/silsp/AppData/Roaming/Code/User/globalStorage/bmd.stm32-for-vscode/@xpack-dev-tools/arm-none-eabi-gcc/13.2.1-1.1.1/.content/bin/../lib/gcc/arm-none-eabi/13.2.1/../../../../arm-none-eabi/lib/thumb/v7e-m+fp/hard\libc_nano.a(libc_a-memmove.o)
                0x08005ab4                memmove
 .text._sbrk_r  0x08005ae8       0x20 C:/Users/silsp/AppData/Roaming/Code/User/globalStorage/bmd.stm32-for-vscode/@xpack-dev-tools/arm-none-eabi-gcc/13.2.1-1.1.1/.content/bin/../lib/gcc/arm-none-eabi/13.2.1/../../../../arm-none-eabi/lib/thumb/v7e-m+fp/hard\libc_nano.a(libc_a-sbrkr.o)
                0x08005ae8                _sbrk_r
 .text.memcpy   0x08005b08       0x1c C:/Users/silsp/AppData/Roaming/Code/User/globalStorage/bmd.stm32-for-vscode/@xpack-dev-tools/arm-none-eabi-gcc/13.2.1-1.1.1/.content/bin/../lib/gcc/arm-none-eabi/13.2.1/../../../../arm-none-eabi/lib/thumb/v7e-m+fp/hard\libc_nano.a(libc_a-memcpy-stub.o)
                0x08005b08                memcpy
 .text._realloc_r
                0x08005b24       0x5c C:/Users/silsp/AppData/Roaming/Code/User/globalStorage/bmd.stm32-for-vscode/@xpack-dev-tools/arm-none-eabi-gcc/13.2.1-1.1.1/.content/bin/../lib/gcc/arm-none-eabi/13.2.1/../../../../arm-none-eabi/lib/thumb/v7e-m+fp/hard\libc_nano.a(libc_a-reallocr.o)
                0x08005b24                _realloc_r
 .text._malloc_usable_size_r
                0x08005b80       0x10 C:/Users/silsp/AppData/Roaming/Code/User/globalStorage/bmd.stm32-for-vscode/@xpack-dev-tools/arm-none-eabi-gcc/13.2.1-1.1.1/.content/bin/../lib/gcc/arm-none-eabi/13.2.1/../../../../arm-none-eabi/lib/thumb/v7e-m+fp/hard\libc_nano.a(libc_a-msizer.o)
                0x08005b80                _malloc_usable_size_r
 .text.__udivmoddi4
                0x08005b90      0x2bc C:/Users/silsp/AppData/Roaming/Code/User/globalStorage/bmd.stm32-for-vscode/@xpack-dev-tools/arm-none-eabi-gcc/13.2.1-1.1.1/.content/bin/../lib/gcc/arm-none-eabi/13.2.1/thumb/v7e-m+fp/hard\libgcc.a(_udivmoddi4.o)
                0x08005b90                __udivmoddi4
 *(.glue_7)
 .glue_7        0x08005e4c        0x0 linker stubs
 *(.glue_7t)
 .glue_7t       0x08005e4c        0x0 linker stubs
 *(.eh_frame)
 .eh_frame      0x08005e4c        0x0 C:/Users/silsp/AppData/Roaming/Code/User/globalStorage/bmd.stm32-for-vscode/@xpack-dev-tools/arm-none-eabi-gcc/13.2.1-1.1.1/.content/bin/../lib/gcc/arm-none-eabi/13.2.1/thumb/v7e-m+fp/hard/crtbegin.o
 *(.init)
 .init          0x08005e4c        0x4 C:/Users/silsp/AppData/Roaming/Code/User/globalStorage/bmd.stm32-for-vscode/@xpack-dev-tools/arm-none-eabi-gcc/13.2.1-1.1.1/.content/bin/../lib/gcc/arm-none-eabi/13.2.1/thumb/v7e-m+fp/hard/crti.o
                0x08005e4c                _init
 .init          0x08005e50        0x8 C:/Users/silsp/AppData/Roaming/Code/User/globalStorage/bmd.stm32-for-vscode/@xpack-dev-tools/arm-none-eabi-gcc/13.2.1-1.1.1/.content/bin/../lib/gcc/arm-none-eabi/13.2.1/thumb/v7e-m+fp/hard/crtn.o
 *(.fini)
 .fini          0x08005e58        0x4 C:/Users/silsp/AppData/Roaming/Code/User/globalStorage/bmd.stm32-for-vscode/@xpack-dev-tools/arm-none-eabi-gcc/13.2.1-1.1.1/.content/bin/../lib/gcc/arm-none-eabi/13.2.1/thumb/v7e-m+fp/hard/crti.o
                0x08005e58                _fini
 .fini          0x08005e5c        0x8 C:/Users/silsp/AppData/Roaming/Code/User/globalStorage/bmd.stm32-for-vscode/@xpack-dev-tools/arm-none-eabi-gcc/13.2.1-1.1.1/.content/bin/../lib/gcc/arm-none-eabi/13.2.1/thumb/v7e-m+fp/hard/crtn.o
                0x08005e64                        . = ALIGN (0x4)
                0x08005e64                        _etext = .

.vfp11_veneer   0x08005e64        0x0
 .vfp11_veneer  0x08005e64        0x0 linker stubs

.v4_bx          0x08005e64        0x0
 .v4_bx         0x08005e64        0x0 linker stubs

.iplt           0x08005e64        0x0
 .iplt          0x08005e64        0x0 C:/Users/silsp/AppData/Roaming/Code/User/globalStorage/bmd.stm32-for-vscode/@xpack-dev-tools/arm-none-eabi-gcc/13.2.1-1.1.1/.content/bin/../lib/gcc/arm-none-eabi/13.2.1/thumb/v7e-m+fp/hard/crtbegin.o

.rodata         0x08005e64      0xafc
                0x08005e64                        . = ALIGN (0x4)
 *(.rodata)
 *(.rodata*)
 .rodata.fontSizes
                0x08005e64        0x4 build/lcd_driver.o
 .rodata.lcd_font6x8
                0x08005e68      0x700 build/lcd_driver.o
                0x08005e68                lcd_font6x8
 .rodata.lcd_symbols
                0x08006568       0x40 build/lcd_driver.o
                0x08006568                lcd_symbols
 .rodata.renderingMenuPage.str1.4
                0x080065a8      0x363 build/lcd_menu.o
                                  0x9 (size before relaxing)
 .rodata.str1.4
                0x0800690b      0x184 build/main.o
 .rodata.print_display.str1.4
                0x0800690b      0x176 build/my_display_handler.o
 .rodata.screen_setup.str1.4
                0x0800690b       0x1a build/my_funcs.o
 .rodata.sendToUart.str1.4
                0x0800690b       0x47 build/my_funcs.o
 *fill*         0x0800690b        0x1 
 .rodata.APBPrescTable
                0x0800690c        0x8 build/system_stm32f4xx.o
                0x0800690c                APBPrescTable
 .rodata.AHBPrescTable
                0x08006914       0x10 build/system_stm32f4xx.o
                0x08006914                AHBPrescTable
 .rodata.flagBitshiftOffset.0
                0x08006924        0x8 build/stm32f4xx_hal_dma.o
 .rodata._svfprintf_r.str1.1
                0x0800692c       0x33 C:/Users/silsp/AppData/Roaming/Code/User/globalStorage/bmd.stm32-for-vscode/@xpack-dev-tools/arm-none-eabi-gcc/13.2.1-1.1.1/.content/bin/../lib/gcc/arm-none-eabi/13.2.1/../../../../arm-none-eabi/lib/thumb/v7e-m+fp/hard\libc_nano.a(libc_a-nano-svfprintf.o)
                                 0x11 (size before relaxing)
 .rodata._printf_i.str1.1
                0x0800695f       0x22 C:/Users/silsp/AppData/Roaming/Code/User/globalStorage/bmd.stm32-for-vscode/@xpack-dev-tools/arm-none-eabi-gcc/13.2.1-1.1.1/.content/bin/../lib/gcc/arm-none-eabi/13.2.1/../../../../arm-none-eabi/lib/thumb/v7e-m+fp/hard\libc_nano.a(libc_a-nano-vfprintf_i.o)
                0x08006984                        . = ALIGN (0x4)
 *fill*         0x0800695f        0x1 

.ARM.extab
 *(.ARM.extab* .gnu.linkonce.armextab.*)

.ARM            0x08006960        0x8
                0x08006960                        __exidx_start = .
 *(.ARM.exidx*)
 .ARM.exidx     0x08006960        0x8 C:/Users/silsp/AppData/Roaming/Code/User/globalStorage/bmd.stm32-for-vscode/@xpack-dev-tools/arm-none-eabi-gcc/13.2.1-1.1.1/.content/bin/../lib/gcc/arm-none-eabi/13.2.1/../../../../arm-none-eabi/lib/thumb/v7e-m+fp/hard\libc_nano.a(libc_a-strlen.o)
 .ARM.exidx     0x08006968        0x0 C:/Users/silsp/AppData/Roaming/Code/User/globalStorage/bmd.stm32-for-vscode/@xpack-dev-tools/arm-none-eabi-gcc/13.2.1-1.1.1/.content/bin/../lib/gcc/arm-none-eabi/13.2.1/../../../../arm-none-eabi/lib/thumb/v7e-m+fp/hard\libc_nano.a(libc_a-memchr.o)
                                  0x8 (size before relaxing)
 .ARM.exidx.text.__udivmoddi4
                0x08006968        0x0 C:/Users/silsp/AppData/Roaming/Code/User/globalStorage/bmd.stm32-for-vscode/@xpack-dev-tools/arm-none-eabi-gcc/13.2.1-1.1.1/.content/bin/../lib/gcc/arm-none-eabi/13.2.1/thumb/v7e-m+fp/hard\libgcc.a(_udivmoddi4.o)
                                  0x8 (size before relaxing)
                0x08006968                        __exidx_end = .

.rel.dyn        0x08006968        0x0
 .rel.iplt      0x08006968        0x0 C:/Users/silsp/AppData/Roaming/Code/User/globalStorage/bmd.stm32-for-vscode/@xpack-dev-tools/arm-none-eabi-gcc/13.2.1-1.1.1/.content/bin/../lib/gcc/arm-none-eabi/13.2.1/thumb/v7e-m+fp/hard/crtbegin.o

.preinit_array  0x08006968        0x0
                0x08006968                        PROVIDE (__preinit_array_start = .)
 *(.preinit_array*)
                0x08006968                        PROVIDE (__preinit_array_end = .)

.init_array     0x08006968        0x4
                0x08006968                        PROVIDE (__init_array_start = .)
 *(SORT_BY_NAME(.init_array.*))
 *(.init_array*)
 .init_array    0x08006968        0x4 C:/Users/silsp/AppData/Roaming/Code/User/globalStorage/bmd.stm32-for-vscode/@xpack-dev-tools/arm-none-eabi-gcc/13.2.1-1.1.1/.content/bin/../lib/gcc/arm-none-eabi/13.2.1/thumb/v7e-m+fp/hard/crtbegin.o
                0x0800696c                        PROVIDE (__init_array_end = .)

.fini_array     0x0800696c        0x4
                0x0800696c                        PROVIDE (__fini_array_start = .)
 *(SORT_BY_NAME(.fini_array.*))
 *(.fini_array*)
 .fini_array    0x0800696c        0x4 C:/Users/silsp/AppData/Roaming/Code/User/globalStorage/bmd.stm32-for-vscode/@xpack-dev-tools/arm-none-eabi-gcc/13.2.1-1.1.1/.content/bin/../lib/gcc/arm-none-eabi/13.2.1/thumb/v7e-m+fp/hard/crtbegin.o
                0x08006970                        PROVIDE (__fini_array_end = .)
                0x08006970                        _sidata = LOADADDR (.data)

.data           0x20000000      0x404 load address 0x08006970
                0x20000000                        . = ALIGN (0x4)
                0x20000000                        _sdata = .
 *(.data)
 *(.data*)
 .data.mainMenu
                0x20000000       0x14 build/main.o
                0x20000000                mainMenu
 .data.mainList
                0x20000014       0x18 build/main.o
                0x20000014                mainList
 .data.settings
                0x2000002c        0xc build/main.o
                0x2000002c                settings
 .data.led      0x20000038        0xc build/main.o
                0x20000038                led
 .data.fourth   0x20000044        0xc build/main.o
                0x20000044                fourth
 .data.third    0x20000050        0xc build/main.o
                0x20000050                third
 .data.second   0x2000005c        0xc build/main.o
                0x2000005c                second
 .data.first    0x20000068        0xc build/main.o
                0x20000068                first
 .data.speakerMenu
                0x20000074       0x14 build/main.o
                0x20000074                speakerMenu
 .data.speakerList
                0x20000088        0x8 build/main.o
                0x20000088                speakerList
 .data.melody   0x20000090        0xc build/main.o
                0x20000090                melody
 .data.normal_speaker
                0x2000009c        0xc build/main.o
                0x2000009c                normal_speaker
 .data.settingsMenu
                0x200000a8       0x14 build/main.o
                0x200000a8                settingsMenu
 .data.settingsList
                0x200000bc        0x8 build/main.o
                0x200000bc                settingsList
 .data.settingsPSC
                0x200000c4        0xc build/main.o
                0x200000c4                settingsPSC
 .data.settingsSample
                0x200000d0        0xc build/main.o
                0x200000d0                settingsSample
 .data.manMenu  0x200000dc       0x14 build/main.o
                0x200000dc                manMenu
 .data.manList  0x200000f0        0x8 build/main.o
                0x200000f0                manList
 .data.subManual2
                0x200000f8        0xc build/main.o
                0x200000f8                subManual2
 .data.subManual1
                0x20000104        0xc build/main.o
                0x20000104                subManual1
 .data.funcMenu
                0x20000110       0x14 build/main.o
                0x20000110                funcMenu
 .data.funcList
                0x20000124       0x20 build/main.o
                0x20000124                funcList
 .data.subsubMenu8
                0x20000144        0xc build/main.o
                0x20000144                subsubMenu8
 .data.subsubMenu7
                0x20000150        0xc build/main.o
                0x20000150                subsubMenu7
 .data.subsubMenu6
                0x2000015c        0xc build/main.o
                0x2000015c                subsubMenu6
 .data.subsubMenu5
                0x20000168        0xc build/main.o
                0x20000168                subsubMenu5
 .data.subsubMenu4
                0x20000174        0xc build/main.o
                0x20000174                subsubMenu4
 .data.subsubMenu3
                0x20000180        0xc build/main.o
                0x20000180                subsubMenu3
 .data.subsubMenu2
                0x2000018c        0xc build/main.o
                0x2000018c                subsubMenu2
 .data.subsubMenu1
                0x20000198        0xc build/main.o
                0x20000198                subsubMenu1
 .data.ledMenu  0x200001a4       0x14 build/main.o
                0x200001a4                ledMenu
 .data.ledList  0x200001b8        0xc build/main.o
                0x200001b8                ledList
 .data.blueLed  0x200001c4        0xc build/main.o
                0x200001c4                blueLed
 .data.greenLed
                0x200001d0        0xc build/main.o
                0x200001d0                greenLed
 .data.redLed   0x200001dc        0xc build/main.o
                0x200001dc                redLed
 .data.tempo    0x200001e8       0xe0 build/music_player.o
                0x200001e8                tempo
 .data.melodia  0x200002c8       0xe0 build/music_player.o
                0x200002c8                melodia
 .data.SystemCoreClock
                0x200003a8        0x4 build/system_stm32f4xx.o
                0x200003a8                SystemCoreClock
 .data.uwTickFreq
                0x200003ac        0x1 build/stm32f4xx_hal.o
                0x200003ac                uwTickFreq
 *fill*         0x200003ad        0x3 
 .data.uwTickPrio
                0x200003b0        0x4 build/stm32f4xx_hal.o
                0x200003b0                uwTickPrio
 .data._impure_ptr
                0x200003b4        0x4 C:/Users/silsp/AppData/Roaming/Code/User/globalStorage/bmd.stm32-for-vscode/@xpack-dev-tools/arm-none-eabi-gcc/13.2.1-1.1.1/.content/bin/../lib/gcc/arm-none-eabi/13.2.1/../../../../arm-none-eabi/lib/thumb/v7e-m+fp/hard\libc_nano.a(libc_a-impure.o)
                0x200003b4                _impure_ptr
 .data._impure_data
                0x200003b8       0x4c C:/Users/silsp/AppData/Roaming/Code/User/globalStorage/bmd.stm32-for-vscode/@xpack-dev-tools/arm-none-eabi-gcc/13.2.1-1.1.1/.content/bin/../lib/gcc/arm-none-eabi/13.2.1/../../../../arm-none-eabi/lib/thumb/v7e-m+fp/hard\libc_nano.a(libc_a-impure.o)
                0x200003b8                _impure_data
                0x20000404                        . = ALIGN (0x4)
                0x20000404                        _edata = .

.igot.plt       0x20000404        0x0 load address 0x08006d74
 .igot.plt      0x20000404        0x0 C:/Users/silsp/AppData/Roaming/Code/User/globalStorage/bmd.stm32-for-vscode/@xpack-dev-tools/arm-none-eabi-gcc/13.2.1-1.1.1/.content/bin/../lib/gcc/arm-none-eabi/13.2.1/thumb/v7e-m+fp/hard/crtbegin.o
                0x20000404                        . = ALIGN (0x4)

.bss            0x20000404      0x754 load address 0x08006d74
                0x20000404                        _sbss = .
                0x20000404                        __bss_start__ = _sbss
 *(.bss)
 *(.bss*)
 .bss.completed.1
                0x20000404        0x1 C:/Users/silsp/AppData/Roaming/Code/User/globalStorage/bmd.stm32-for-vscode/@xpack-dev-tools/arm-none-eabi-gcc/13.2.1-1.1.1/.content/bin/../lib/gcc/arm-none-eabi/13.2.1/thumb/v7e-m+fp/hard/crtbegin.o
 *fill*         0x20000405        0x3 
 .bss.object.0  0x20000408       0x18 C:/Users/silsp/AppData/Roaming/Code/User/globalStorage/bmd.stm32-for-vscode/@xpack-dev-tools/arm-none-eabi-gcc/13.2.1-1.1.1/.content/bin/../lib/gcc/arm-none-eabi/13.2.1/thumb/v7e-m+fp/hard/crtbegin.o
 .bss.hdma_adc1
                0x20000420       0x60 build/adc.o
                0x20000420                hdma_adc1
 .bss.hadc1     0x20000480       0x48 build/adc.o
                0x20000480                hadc1
 .bss.initializedFilters
                0x200004c8        0x1 build/button.o
 *fill*         0x200004c9        0x3 
 .bss.filterSet
                0x200004cc       0xc8 build/button.o
 .bss.center    0x20000594        0xc build/joystick.o
 .bss.right     0x200005a0        0xc build/joystick.o
 .bss.left      0x200005ac        0xc build/joystick.o
 .bss.down      0x200005b8        0xc build/joystick.o
 .bss.up        0x200005c4        0xc build/joystick.o
 .bss.displayBuffer
                0x200005d0      0x200 build/lcd_driver.o
 .bss.isRunning.0
                0x200007d0        0x1 build/lcd_menu.o
 *fill*         0x200007d1        0x3 
 .bss.updateCounter.1
                0x200007d4        0x4 build/lcd_menu.o
 .bss.userData  0x200007d8        0x4 build/lcd_menu.o
 .bss.userDrawItemCallback2
                0x200007dc        0x4 build/lcd_menu.o
 .bss.optionIsRunning
                0x200007e0        0x1 build/lcd_menu.o
 *fill*         0x200007e1        0x3 
 .bss.activeMenu
                0x200007e4        0x4 build/lcd_menu.o
 .bss.pot2_sums
                0x200007e8        0x2 build/main.o
                0x200007e8                pot2_sums
 .bss.pot1_sums
                0x200007ea        0x2 build/main.o
                0x200007ea                pot1_sums
 .bss.main_data
                0x200007ec       0x24 build/main.o
                0x200007ec                main_data
 .bss.ms_smooth_ticks
                0x20000810        0x4 build/main.o
                0x20000810                ms_smooth_ticks
 .bss.ms_sample_ticks
                0x20000814        0x4 build/main.o
                0x20000814                ms_sample_ticks
 .bss.ms_menu_ticks
                0x20000818        0x4 build/main.o
                0x20000818                ms_menu_ticks
 .bss.StartMusic.0
                0x2000081c        0x4 build/music_player.o
 .bss.i.1       0x20000820        0x4 build/music_player.o
 .bss.PastStatusMusic.2
                0x20000824        0x4 build/music_player.o
 .bss.ValTempo  0x20000828        0x4 build/music_player.o
                0x20000828                ValTempo
 .bss.message_counter
                0x2000082c        0x4 build/my_funcs.o
                0x2000082c                message_counter
 .bss.hspi1     0x20000830       0x58 build/spi.o
                0x20000830                hspi1
 .bss.__sbrk_heap_end
                0x20000888        0x4 build/sysmem.o
 .bss.htim6     0x2000088c       0x48 build/tim.o
                0x2000088c                htim6
 .bss.htim3     0x200008d4       0x48 build/tim.o
                0x200008d4                htim3
 .bss.htim2     0x2000091c       0x48 build/tim.o
                0x2000091c                htim2
 .bss.hdma_usart2_tx
                0x20000964       0x60 build/usart.o
                0x20000964                hdma_usart2_tx
 .bss.huart2    0x200009c4       0x48 build/usart.o
                0x200009c4                huart2
 .bss.uwTick    0x20000a0c        0x4 build/stm32f4xx_hal.o
                0x20000a0c                uwTick
 .bss.__sf      0x20000a10      0x138 C:/Users/silsp/AppData/Roaming/Code/User/globalStorage/bmd.stm32-for-vscode/@xpack-dev-tools/arm-none-eabi-gcc/13.2.1-1.1.1/.content/bin/../lib/gcc/arm-none-eabi/13.2.1/../../../../arm-none-eabi/lib/thumb/v7e-m+fp/hard\libc_nano.a(libc_a-findfp.o)
                0x20000a10                __sf
 .bss.errno     0x20000b48        0x4 C:/Users/silsp/AppData/Roaming/Code/User/globalStorage/bmd.stm32-for-vscode/@xpack-dev-tools/arm-none-eabi-gcc/13.2.1-1.1.1/.content/bin/../lib/gcc/arm-none-eabi/13.2.1/../../../../arm-none-eabi/lib/thumb/v7e-m+fp/hard\libc_nano.a(libc_a-reent.o)
                0x20000b48                errno
 .bss.__lock___malloc_recursive_mutex
                0x20000b4c        0x1 C:/Users/silsp/AppData/Roaming/Code/User/globalStorage/bmd.stm32-for-vscode/@xpack-dev-tools/arm-none-eabi-gcc/13.2.1-1.1.1/.content/bin/../lib/gcc/arm-none-eabi/13.2.1/../../../../arm-none-eabi/lib/thumb/v7e-m+fp/hard\libc_nano.a(libc_a-lock.o)
                0x20000b4c                __lock___malloc_recursive_mutex
 *fill*         0x20000b4d        0x3 
 .bss.__malloc_sbrk_start
                0x20000b50        0x4 C:/Users/silsp/AppData/Roaming/Code/User/globalStorage/bmd.stm32-for-vscode/@xpack-dev-tools/arm-none-eabi-gcc/13.2.1-1.1.1/.content/bin/../lib/gcc/arm-none-eabi/13.2.1/../../../../arm-none-eabi/lib/thumb/v7e-m+fp/hard\libc_nano.a(libc_a-mallocr.o)
                0x20000b50                __malloc_sbrk_start
 .bss.__malloc_free_list
                0x20000b54        0x4 C:/Users/silsp/AppData/Roaming/Code/User/globalStorage/bmd.stm32-for-vscode/@xpack-dev-tools/arm-none-eabi-gcc/13.2.1-1.1.1/.content/bin/../lib/gcc/arm-none-eabi/13.2.1/../../../../arm-none-eabi/lib/thumb/v7e-m+fp/hard\libc_nano.a(libc_a-mallocr.o)
                0x20000b54                __malloc_free_list
 *(COMMON)
                0x20000b58                        . = ALIGN (0x4)
                0x20000b58                        _ebss = .
                0x20000b58                        __bss_end__ = _ebss

._user_heap_stack
                0x20000b58      0x600 load address 0x08006d74
                0x20000b58                        . = ALIGN (0x8)
                [!provide]                        PROVIDE (end = .)
                0x20000b58                        PROVIDE (_end = .)
                0x20000d58                        . = (. + _Min_Heap_Size)
 *fill*         0x20000b58      0x200 
                0x20001158                        . = (. + _Min_Stack_Size)
 *fill*         0x20000d58      0x400 
                0x20001158                        . = ALIGN (0x8)

/DISCARD/
 libc.a(*)
 libm.a(*)
 libgcc.a(*)

.ARM.attributes
                0x00000000       0x30
 *(.ARM.attributes)
 .ARM.attributes
                0x00000000       0x22 C:/Users/silsp/AppData/Roaming/Code/User/globalStorage/bmd.stm32-for-vscode/@xpack-dev-tools/arm-none-eabi-gcc/13.2.1-1.1.1/.content/bin/../lib/gcc/arm-none-eabi/13.2.1/thumb/v7e-m+fp/hard/crti.o
 .ARM.attributes
                0x00000022       0x34 C:/Users/silsp/AppData/Roaming/Code/User/globalStorage/bmd.stm32-for-vscode/@xpack-dev-tools/arm-none-eabi-gcc/13.2.1-1.1.1/.content/bin/../lib/gcc/arm-none-eabi/13.2.1/thumb/v7e-m+fp/hard/crtbegin.o
 .ARM.attributes
                0x00000056       0x34 build/adc.o
 .ARM.attributes
                0x0000008a       0x34 build/button.o
 .ARM.attributes
                0x000000be       0x34 build/button_driver.o
 .ARM.attributes
                0x000000f2       0x34 build/dma.o
 .ARM.attributes
                0x00000126       0x34 build/gpio.o
 .ARM.attributes
                0x0000015a       0x34 build/joystick.o
 .ARM.attributes
                0x0000018e       0x34 build/lcd_driver.o
 .ARM.attributes
                0x000001c2       0x34 build/lcd_menu.o
 .ARM.attributes
                0x000001f6       0x34 build/main.o
 .ARM.attributes
                0x0000022a       0x34 build/music_player.o
 .ARM.attributes
                0x0000025e       0x34 build/my_display_handler.o
 .ARM.attributes
                0x00000292       0x34 build/my_event_handler.o
 .ARM.attributes
                0x000002c6       0x34 build/my_funcs.o
 .ARM.attributes
                0x000002fa       0x34 build/spi.o
 .ARM.attributes
                0x0000032e       0x34 build/stm32f4xx_hal_msp.o
 .ARM.attributes
                0x00000362       0x34 build/stm32f4xx_it.o
 .ARM.attributes
                0x00000396       0x34 build/sysmem.o
 .ARM.attributes
                0x000003ca       0x34 build/system_stm32f4xx.o
 .ARM.attributes
                0x000003fe       0x34 build/tim.o
 .ARM.attributes
                0x00000432       0x34 build/usart.o
 .ARM.attributes
                0x00000466       0x34 build/stm32f4xx_hal.o
 .ARM.attributes
                0x0000049a       0x34 build/stm32f4xx_hal_adc.o
 .ARM.attributes
                0x000004ce       0x34 build/stm32f4xx_hal_cortex.o
 .ARM.attributes
                0x00000502       0x34 build/stm32f4xx_hal_dma.o
 .ARM.attributes
                0x00000536       0x34 build/stm32f4xx_hal_gpio.o
 .ARM.attributes
                0x0000056a       0x34 build/stm32f4xx_hal_pwr_ex.o
 .ARM.attributes
                0x0000059e       0x34 build/stm32f4xx_hal_rcc.o
 .ARM.attributes
                0x000005d2       0x34 build/stm32f4xx_hal_rcc_ex.o
 .ARM.attributes
                0x00000606       0x34 build/stm32f4xx_hal_spi.o
 .ARM.attributes
                0x0000063a       0x34 build/stm32f4xx_hal_tim.o
 .ARM.attributes
                0x0000066e       0x34 build/stm32f4xx_hal_tim_ex.o
 .ARM.attributes
                0x000006a2       0x34 build/stm32f4xx_hal_uart.o
 .ARM.attributes
                0x000006d6       0x21 build/startup_stm32f446xx.o
 .ARM.attributes
                0x000006f7       0x34 C:/Users/silsp/AppData/Roaming/Code/User/globalStorage/bmd.stm32-for-vscode/@xpack-dev-tools/arm-none-eabi-gcc/13.2.1-1.1.1/.content/bin/../lib/gcc/arm-none-eabi/13.2.1/../../../../arm-none-eabi/lib/thumb/v7e-m+fp/hard\libc_nano.a(libc_a-findfp.o)
 .ARM.attributes
                0x0000072b       0x34 C:/Users/silsp/AppData/Roaming/Code/User/globalStorage/bmd.stm32-for-vscode/@xpack-dev-tools/arm-none-eabi-gcc/13.2.1-1.1.1/.content/bin/../lib/gcc/arm-none-eabi/13.2.1/../../../../arm-none-eabi/lib/thumb/v7e-m+fp/hard\libc_nano.a(libc_a-sprintf.o)
 .ARM.attributes
                0x0000075f       0x34 C:/Users/silsp/AppData/Roaming/Code/User/globalStorage/bmd.stm32-for-vscode/@xpack-dev-tools/arm-none-eabi-gcc/13.2.1-1.1.1/.content/bin/../lib/gcc/arm-none-eabi/13.2.1/../../../../arm-none-eabi/lib/thumb/v7e-m+fp/hard\libc_nano.a(libc_a-memset.o)
 .ARM.attributes
                0x00000793       0x34 C:/Users/silsp/AppData/Roaming/Code/User/globalStorage/bmd.stm32-for-vscode/@xpack-dev-tools/arm-none-eabi-gcc/13.2.1-1.1.1/.content/bin/../lib/gcc/arm-none-eabi/13.2.1/../../../../arm-none-eabi/lib/thumb/v7e-m+fp/hard\libc_nano.a(libc_a-reent.o)
 .ARM.attributes
                0x000007c7       0x34 C:/Users/silsp/AppData/Roaming/Code/User/globalStorage/bmd.stm32-for-vscode/@xpack-dev-tools/arm-none-eabi-gcc/13.2.1-1.1.1/.content/bin/../lib/gcc/arm-none-eabi/13.2.1/../../../../arm-none-eabi/lib/thumb/v7e-m+fp/hard\libc_nano.a(libc_a-impure.o)
 .ARM.attributes
                0x000007fb       0x34 C:/Users/silsp/AppData/Roaming/Code/User/globalStorage/bmd.stm32-for-vscode/@xpack-dev-tools/arm-none-eabi-gcc/13.2.1-1.1.1/.content/bin/../lib/gcc/arm-none-eabi/13.2.1/../../../../arm-none-eabi/lib/thumb/v7e-m+fp/hard\libc_nano.a(libc_a-errno.o)
 .ARM.attributes
                0x0000082f       0x34 C:/Users/silsp/AppData/Roaming/Code/User/globalStorage/bmd.stm32-for-vscode/@xpack-dev-tools/arm-none-eabi-gcc/13.2.1-1.1.1/.content/bin/../lib/gcc/arm-none-eabi/13.2.1/../../../../arm-none-eabi/lib/thumb/v7e-m+fp/hard\libc_nano.a(libc_a-init.o)
 .ARM.attributes
                0x00000863       0x34 C:/Users/silsp/AppData/Roaming/Code/User/globalStorage/bmd.stm32-for-vscode/@xpack-dev-tools/arm-none-eabi-gcc/13.2.1-1.1.1/.content/bin/../lib/gcc/arm-none-eabi/13.2.1/../../../../arm-none-eabi/lib/thumb/v7e-m+fp/hard\libc_nano.a(libc_a-lock.o)
 .ARM.attributes
                0x00000897       0x17 C:/Users/silsp/AppData/Roaming/Code/User/globalStorage/bmd.stm32-for-vscode/@xpack-dev-tools/arm-none-eabi-gcc/13.2.1-1.1.1/.content/bin/../lib/gcc/arm-none-eabi/13.2.1/../../../../arm-none-eabi/lib/thumb/v7e-m+fp/hard\libc_nano.a(libc_a-strlen.o)
 .ARM.attributes
                0x000008ae       0x34 C:/Users/silsp/AppData/Roaming/Code/User/globalStorage/bmd.stm32-for-vscode/@xpack-dev-tools/arm-none-eabi-gcc/13.2.1-1.1.1/.content/bin/../lib/gcc/arm-none-eabi/13.2.1/../../../../arm-none-eabi/lib/thumb/v7e-m+fp/hard\libc_nano.a(libc_a-freer.o)
 .ARM.attributes
                0x000008e2       0x34 C:/Users/silsp/AppData/Roaming/Code/User/globalStorage/bmd.stm32-for-vscode/@xpack-dev-tools/arm-none-eabi-gcc/13.2.1-1.1.1/.content/bin/../lib/gcc/arm-none-eabi/13.2.1/../../../../arm-none-eabi/lib/thumb/v7e-m+fp/hard\libc_nano.a(libc_a-mallocr.o)
 .ARM.attributes
                0x00000916       0x34 C:/Users/silsp/AppData/Roaming/Code/User/globalStorage/bmd.stm32-for-vscode/@xpack-dev-tools/arm-none-eabi-gcc/13.2.1-1.1.1/.content/bin/../lib/gcc/arm-none-eabi/13.2.1/../../../../arm-none-eabi/lib/thumb/v7e-m+fp/hard\libc_nano.a(libc_a-mlock.o)
 .ARM.attributes
                0x0000094a       0x34 C:/Users/silsp/AppData/Roaming/Code/User/globalStorage/bmd.stm32-for-vscode/@xpack-dev-tools/arm-none-eabi-gcc/13.2.1-1.1.1/.content/bin/../lib/gcc/arm-none-eabi/13.2.1/../../../../arm-none-eabi/lib/thumb/v7e-m+fp/hard\libc_nano.a(libc_a-nano-svfprintf.o)
 .ARM.attributes
                0x0000097e       0x34 C:/Users/silsp/AppData/Roaming/Code/User/globalStorage/bmd.stm32-for-vscode/@xpack-dev-tools/arm-none-eabi-gcc/13.2.1-1.1.1/.content/bin/../lib/gcc/arm-none-eabi/13.2.1/../../../../arm-none-eabi/lib/thumb/v7e-m+fp/hard\libc_nano.a(libc_a-nano-vfprintf_i.o)
 .ARM.attributes
                0x000009b2       0x34 C:/Users/silsp/AppData/Roaming/Code/User/globalStorage/bmd.stm32-for-vscode/@xpack-dev-tools/arm-none-eabi-gcc/13.2.1-1.1.1/.content/bin/../lib/gcc/arm-none-eabi/13.2.1/../../../../arm-none-eabi/lib/thumb/v7e-m+fp/hard\libc_nano.a(libc_a-memmove.o)
 .ARM.attributes
                0x000009e6       0x34 C:/Users/silsp/AppData/Roaming/Code/User/globalStorage/bmd.stm32-for-vscode/@xpack-dev-tools/arm-none-eabi-gcc/13.2.1-1.1.1/.content/bin/../lib/gcc/arm-none-eabi/13.2.1/../../../../arm-none-eabi/lib/thumb/v7e-m+fp/hard\libc_nano.a(libc_a-sbrkr.o)
 .ARM.attributes
                0x00000a1a       0x1c C:/Users/silsp/AppData/Roaming/Code/User/globalStorage/bmd.stm32-for-vscode/@xpack-dev-tools/arm-none-eabi-gcc/13.2.1-1.1.1/.content/bin/../lib/gcc/arm-none-eabi/13.2.1/../../../../arm-none-eabi/lib/thumb/v7e-m+fp/hard\libc_nano.a(libc_a-memchr.o)
 .ARM.attributes
                0x00000a36       0x34 C:/Users/silsp/AppData/Roaming/Code/User/globalStorage/bmd.stm32-for-vscode/@xpack-dev-tools/arm-none-eabi-gcc/13.2.1-1.1.1/.content/bin/../lib/gcc/arm-none-eabi/13.2.1/../../../../arm-none-eabi/lib/thumb/v7e-m+fp/hard\libc_nano.a(libc_a-memcpy-stub.o)
 .ARM.attributes
                0x00000a6a       0x34 C:/Users/silsp/AppData/Roaming/Code/User/globalStorage/bmd.stm32-for-vscode/@xpack-dev-tools/arm-none-eabi-gcc/13.2.1-1.1.1/.content/bin/../lib/gcc/arm-none-eabi/13.2.1/../../../../arm-none-eabi/lib/thumb/v7e-m+fp/hard\libc_nano.a(libc_a-reallocr.o)
 .ARM.attributes
                0x00000a9e       0x34 C:/Users/silsp/AppData/Roaming/Code/User/globalStorage/bmd.stm32-for-vscode/@xpack-dev-tools/arm-none-eabi-gcc/13.2.1-1.1.1/.content/bin/../lib/gcc/arm-none-eabi/13.2.1/../../../../arm-none-eabi/lib/thumb/v7e-m+fp/hard\libc_nano.a(libc_a-msizer.o)
 .ARM.attributes
                0x00000ad2       0x22 C:/Users/silsp/AppData/Roaming/Code/User/globalStorage/bmd.stm32-for-vscode/@xpack-dev-tools/arm-none-eabi-gcc/13.2.1-1.1.1/.content/bin/../lib/gcc/arm-none-eabi/13.2.1/thumb/v7e-m+fp/hard\libgcc.a(_arm_muldf3.o)
 .ARM.attributes
                0x00000af4       0x22 C:/Users/silsp/AppData/Roaming/Code/User/globalStorage/bmd.stm32-for-vscode/@xpack-dev-tools/arm-none-eabi-gcc/13.2.1-1.1.1/.content/bin/../lib/gcc/arm-none-eabi/13.2.1/thumb/v7e-m+fp/hard\libgcc.a(_arm_addsubdf3.o)
 .ARM.attributes
                0x00000b16       0x22 C:/Users/silsp/AppData/Roaming/Code/User/globalStorage/bmd.stm32-for-vscode/@xpack-dev-tools/arm-none-eabi-gcc/13.2.1-1.1.1/.content/bin/../lib/gcc/arm-none-eabi/13.2.1/thumb/v7e-m+fp/hard\libgcc.a(_arm_fixdfsi.o)
 .ARM.attributes
                0x00000b38       0x22 C:/Users/silsp/AppData/Roaming/Code/User/globalStorage/bmd.stm32-for-vscode/@xpack-dev-tools/arm-none-eabi-gcc/13.2.1-1.1.1/.content/bin/../lib/gcc/arm-none-eabi/13.2.1/thumb/v7e-m+fp/hard\libgcc.a(_aeabi_uldivmod.o)
 .ARM.attributes
                0x00000b5a       0x34 C:/Users/silsp/AppData/Roaming/Code/User/globalStorage/bmd.stm32-for-vscode/@xpack-dev-tools/arm-none-eabi-gcc/13.2.1-1.1.1/.content/bin/../lib/gcc/arm-none-eabi/13.2.1/thumb/v7e-m+fp/hard\libgcc.a(_udivmoddi4.o)
 .ARM.attributes
                0x00000b8e       0x22 C:/Users/silsp/AppData/Roaming/Code/User/globalStorage/bmd.stm32-for-vscode/@xpack-dev-tools/arm-none-eabi-gcc/13.2.1-1.1.1/.content/bin/../lib/gcc/arm-none-eabi/13.2.1/thumb/v7e-m+fp/hard\libgcc.a(_dvmd_tls.o)
 .ARM.attributes
                0x00000bb0       0x22 C:/Users/silsp/AppData/Roaming/Code/User/globalStorage/bmd.stm32-for-vscode/@xpack-dev-tools/arm-none-eabi-gcc/13.2.1-1.1.1/.content/bin/../lib/gcc/arm-none-eabi/13.2.1/thumb/v7e-m+fp/hard/crtn.o
OUTPUT(build/MechatronicsProjectOne.elf elf32-littlearm)
LOAD linker stubs
LOAD C:/Users/silsp/AppData/Roaming/Code/User/globalStorage/bmd.stm32-for-vscode/@xpack-dev-tools/arm-none-eabi-gcc/13.2.1-1.1.1/.content/bin/../lib/gcc/arm-none-eabi/13.2.1/../../../../arm-none-eabi/lib/thumb/v7e-m+fp/hard\libc.a
LOAD C:/Users/silsp/AppData/Roaming/Code/User/globalStorage/bmd.stm32-for-vscode/@xpack-dev-tools/arm-none-eabi-gcc/13.2.1-1.1.1/.content/bin/../lib/gcc/arm-none-eabi/13.2.1/../../../../arm-none-eabi/lib/thumb/v7e-m+fp/hard\libm.a
LOAD C:/Users/silsp/AppData/Roaming/Code/User/globalStorage/bmd.stm32-for-vscode/@xpack-dev-tools/arm-none-eabi-gcc/13.2.1-1.1.1/.content/bin/../lib/gcc/arm-none-eabi/13.2.1/thumb/v7e-m+fp/hard\libgcc.a

.comment        0x00000000       0x39
 .comment       0x00000000       0x39 C:/Users/silsp/AppData/Roaming/Code/User/globalStorage/bmd.stm32-for-vscode/@xpack-dev-tools/arm-none-eabi-gcc/13.2.1-1.1.1/.content/bin/../lib/gcc/arm-none-eabi/13.2.1/thumb/v7e-m+fp/hard/crtbegin.o
                                 0x3a (size before relaxing)
 .comment       0x00000039       0x3a build/adc.o
 .comment       0x00000039       0x3a build/button.o
 .comment       0x00000039       0x3a build/button_driver.o
 .comment       0x00000039       0x3a build/dma.o
 .comment       0x00000039       0x3a build/gpio.o
 .comment       0x00000039       0x3a build/joystick.o
 .comment       0x00000039       0x3a build/lcd_driver.o
 .comment       0x00000039       0x3a build/lcd_menu.o
 .comment       0x00000039       0x3a build/main.o
 .comment       0x00000039       0x3a build/music_player.o
 .comment       0x00000039       0x3a build/my_display_handler.o
 .comment       0x00000039       0x3a build/my_event_handler.o
 .comment       0x00000039       0x3a build/my_funcs.o
 .comment       0x00000039       0x3a build/spi.o
 .comment       0x00000039       0x3a build/stm32f4xx_hal_msp.o
 .comment       0x00000039       0x3a build/stm32f4xx_it.o
 .comment       0x00000039       0x3a build/sysmem.o
 .comment       0x00000039       0x3a build/system_stm32f4xx.o
 .comment       0x00000039       0x3a build/tim.o
 .comment       0x00000039       0x3a build/usart.o
 .comment       0x00000039       0x3a build/stm32f4xx_hal.o
 .comment       0x00000039       0x3a build/stm32f4xx_hal_adc.o
 .comment       0x00000039       0x3a build/stm32f4xx_hal_cortex.o
 .comment       0x00000039       0x3a build/stm32f4xx_hal_dma.o
 .comment       0x00000039       0x3a build/stm32f4xx_hal_gpio.o
 .comment       0x00000039       0x3a build/stm32f4xx_hal_pwr_ex.o
 .comment       0x00000039       0x3a build/stm32f4xx_hal_rcc.o
 .comment       0x00000039       0x3a build/stm32f4xx_hal_rcc_ex.o
 .comment       0x00000039       0x3a build/stm32f4xx_hal_spi.o
 .comment       0x00000039       0x3a build/stm32f4xx_hal_tim.o
 .comment       0x00000039       0x3a build/stm32f4xx_hal_tim_ex.o
 .comment       0x00000039       0x3a build/stm32f4xx_hal_uart.o
 .comment       0x00000039       0x3a C:/Users/silsp/AppData/Roaming/Code/User/globalStorage/bmd.stm32-for-vscode/@xpack-dev-tools/arm-none-eabi-gcc/13.2.1-1.1.1/.content/bin/../lib/gcc/arm-none-eabi/13.2.1/../../../../arm-none-eabi/lib/thumb/v7e-m+fp/hard\libc_nano.a(libc_a-findfp.o)
 .comment       0x00000039       0x3a C:/Users/silsp/AppData/Roaming/Code/User/globalStorage/bmd.stm32-for-vscode/@xpack-dev-tools/arm-none-eabi-gcc/13.2.1-1.1.1/.content/bin/../lib/gcc/arm-none-eabi/13.2.1/../../../../arm-none-eabi/lib/thumb/v7e-m+fp/hard\libc_nano.a(libc_a-sprintf.o)
 .comment       0x00000039       0x3a C:/Users/silsp/AppData/Roaming/Code/User/globalStorage/bmd.stm32-for-vscode/@xpack-dev-tools/arm-none-eabi-gcc/13.2.1-1.1.1/.content/bin/../lib/gcc/arm-none-eabi/13.2.1/../../../../arm-none-eabi/lib/thumb/v7e-m+fp/hard\libc_nano.a(libc_a-memset.o)
 .comment       0x00000039       0x3a C:/Users/silsp/AppData/Roaming/Code/User/globalStorage/bmd.stm32-for-vscode/@xpack-dev-tools/arm-none-eabi-gcc/13.2.1-1.1.1/.content/bin/../lib/gcc/arm-none-eabi/13.2.1/../../../../arm-none-eabi/lib/thumb/v7e-m+fp/hard\libc_nano.a(libc_a-reent.o)
 .comment       0x00000039       0x3a C:/Users/silsp/AppData/Roaming/Code/User/globalStorage/bmd.stm32-for-vscode/@xpack-dev-tools/arm-none-eabi-gcc/13.2.1-1.1.1/.content/bin/../lib/gcc/arm-none-eabi/13.2.1/../../../../arm-none-eabi/lib/thumb/v7e-m+fp/hard\libc_nano.a(libc_a-impure.o)
 .comment       0x00000039       0x3a C:/Users/silsp/AppData/Roaming/Code/User/globalStorage/bmd.stm32-for-vscode/@xpack-dev-tools/arm-none-eabi-gcc/13.2.1-1.1.1/.content/bin/../lib/gcc/arm-none-eabi/13.2.1/../../../../arm-none-eabi/lib/thumb/v7e-m+fp/hard\libc_nano.a(libc_a-errno.o)
 .comment       0x00000039       0x3a C:/Users/silsp/AppData/Roaming/Code/User/globalStorage/bmd.stm32-for-vscode/@xpack-dev-tools/arm-none-eabi-gcc/13.2.1-1.1.1/.content/bin/../lib/gcc/arm-none-eabi/13.2.1/../../../../arm-none-eabi/lib/thumb/v7e-m+fp/hard\libc_nano.a(libc_a-init.o)
 .comment       0x00000039       0x3a C:/Users/silsp/AppData/Roaming/Code/User/globalStorage/bmd.stm32-for-vscode/@xpack-dev-tools/arm-none-eabi-gcc/13.2.1-1.1.1/.content/bin/../lib/gcc/arm-none-eabi/13.2.1/../../../../arm-none-eabi/lib/thumb/v7e-m+fp/hard\libc_nano.a(libc_a-lock.o)
 .comment       0x00000039       0x3a C:/Users/silsp/AppData/Roaming/Code/User/globalStorage/bmd.stm32-for-vscode/@xpack-dev-tools/arm-none-eabi-gcc/13.2.1-1.1.1/.content/bin/../lib/gcc/arm-none-eabi/13.2.1/../../../../arm-none-eabi/lib/thumb/v7e-m+fp/hard\libc_nano.a(libc_a-freer.o)
 .comment       0x00000039       0x3a C:/Users/silsp/AppData/Roaming/Code/User/globalStorage/bmd.stm32-for-vscode/@xpack-dev-tools/arm-none-eabi-gcc/13.2.1-1.1.1/.content/bin/../lib/gcc/arm-none-eabi/13.2.1/../../../../arm-none-eabi/lib/thumb/v7e-m+fp/hard\libc_nano.a(libc_a-mallocr.o)
 .comment       0x00000039       0x3a C:/Users/silsp/AppData/Roaming/Code/User/globalStorage/bmd.stm32-for-vscode/@xpack-dev-tools/arm-none-eabi-gcc/13.2.1-1.1.1/.content/bin/../lib/gcc/arm-none-eabi/13.2.1/../../../../arm-none-eabi/lib/thumb/v7e-m+fp/hard\libc_nano.a(libc_a-mlock.o)
 .comment       0x00000039       0x3a C:/Users/silsp/AppData/Roaming/Code/User/globalStorage/bmd.stm32-for-vscode/@xpack-dev-tools/arm-none-eabi-gcc/13.2.1-1.1.1/.content/bin/../lib/gcc/arm-none-eabi/13.2.1/../../../../arm-none-eabi/lib/thumb/v7e-m+fp/hard\libc_nano.a(libc_a-nano-svfprintf.o)
 .comment       0x00000039       0x3a C:/Users/silsp/AppData/Roaming/Code/User/globalStorage/bmd.stm32-for-vscode/@xpack-dev-tools/arm-none-eabi-gcc/13.2.1-1.1.1/.content/bin/../lib/gcc/arm-none-eabi/13.2.1/../../../../arm-none-eabi/lib/thumb/v7e-m+fp/hard\libc_nano.a(libc_a-nano-vfprintf_i.o)
 .comment       0x00000039       0x3a C:/Users/silsp/AppData/Roaming/Code/User/globalStorage/bmd.stm32-for-vscode/@xpack-dev-tools/arm-none-eabi-gcc/13.2.1-1.1.1/.content/bin/../lib/gcc/arm-none-eabi/13.2.1/../../../../arm-none-eabi/lib/thumb/v7e-m+fp/hard\libc_nano.a(libc_a-memmove.o)
 .comment       0x00000039       0x3a C:/Users/silsp/AppData/Roaming/Code/User/globalStorage/bmd.stm32-for-vscode/@xpack-dev-tools/arm-none-eabi-gcc/13.2.1-1.1.1/.content/bin/../lib/gcc/arm-none-eabi/13.2.1/../../../../arm-none-eabi/lib/thumb/v7e-m+fp/hard\libc_nano.a(libc_a-sbrkr.o)
 .comment       0x00000039       0x3a C:/Users/silsp/AppData/Roaming/Code/User/globalStorage/bmd.stm32-for-vscode/@xpack-dev-tools/arm-none-eabi-gcc/13.2.1-1.1.1/.content/bin/../lib/gcc/arm-none-eabi/13.2.1/../../../../arm-none-eabi/lib/thumb/v7e-m+fp/hard\libc_nano.a(libc_a-memcpy-stub.o)
 .comment       0x00000039       0x3a C:/Users/silsp/AppData/Roaming/Code/User/globalStorage/bmd.stm32-for-vscode/@xpack-dev-tools/arm-none-eabi-gcc/13.2.1-1.1.1/.content/bin/../lib/gcc/arm-none-eabi/13.2.1/../../../../arm-none-eabi/lib/thumb/v7e-m+fp/hard\libc_nano.a(libc_a-reallocr.o)
 .comment       0x00000039       0x3a C:/Users/silsp/AppData/Roaming/Code/User/globalStorage/bmd.stm32-for-vscode/@xpack-dev-tools/arm-none-eabi-gcc/13.2.1-1.1.1/.content/bin/../lib/gcc/arm-none-eabi/13.2.1/../../../../arm-none-eabi/lib/thumb/v7e-m+fp/hard\libc_nano.a(libc_a-msizer.o)
 .comment       0x00000039       0x3a C:/Users/silsp/AppData/Roaming/Code/User/globalStorage/bmd.stm32-for-vscode/@xpack-dev-tools/arm-none-eabi-gcc/13.2.1-1.1.1/.content/bin/../lib/gcc/arm-none-eabi/13.2.1/thumb/v7e-m+fp/hard\libgcc.a(_udivmoddi4.o)

.debug_info     0x00000000    0x1e74f
 .debug_info    0x00000000      0xadd build/adc.o
 .debug_info    0x00000add      0x3e0 build/button.o
 .debug_info    0x00000ebd      0x357 build/button_driver.o
 .debug_info    0x00001214      0x576 build/dma.o
 .debug_info    0x0000178a      0x7a4 build/gpio.o
 .debug_info    0x00001f2e      0x534 build/joystick.o
 .debug_info    0x00002462     0x14ae build/lcd_driver.o
 .debug_info    0x00003910      0x9b7 build/lcd_menu.o
 .debug_info    0x000042c7     0x1d9b build/main.o
 .debug_info    0x00006062      0x795 build/music_player.o
 .debug_info    0x000067f7      0x9c0 build/my_display_handler.o
 .debug_info    0x000071b7     0x1085 build/my_event_handler.o
 .debug_info    0x0000823c     0x108f build/my_funcs.o
 .debug_info    0x000092cb      0x9d0 build/spi.o
 .debug_info    0x00009c9b      0x295 build/stm32f4xx_hal_msp.o
 .debug_info    0x00009f30      0xa65 build/stm32f4xx_it.o
 .debug_info    0x0000a995      0x171 build/sysmem.o
 .debug_info    0x0000ab06      0x55f build/system_stm32f4xx.o
 .debug_info    0x0000b065     0x12bf build/tim.o
 .debug_info    0x0000c324      0xce9 build/usart.o
 .debug_info    0x0000d00d      0xa38 build/stm32f4xx_hal.o
 .debug_info    0x0000da45      0xe82 build/stm32f4xx_hal_adc.o
 .debug_info    0x0000e8c7      0xfe0 build/stm32f4xx_hal_cortex.o
 .debug_info    0x0000f8a7      0xad9 build/stm32f4xx_hal_dma.o
 .debug_info    0x00010380      0x74c build/stm32f4xx_hal_gpio.o
 .debug_info    0x00010acc      0x7a6 build/stm32f4xx_hal_pwr_ex.o
 .debug_info    0x00011272      0xaab build/stm32f4xx_hal_rcc.o
 .debug_info    0x00011d1d      0xc4f build/stm32f4xx_hal_rcc_ex.o
 .debug_info    0x0001296c     0x1dc3 build/stm32f4xx_hal_spi.o
 .debug_info    0x0001472f     0x3c53 build/stm32f4xx_hal_tim.o
 .debug_info    0x00018382     0x1aec build/stm32f4xx_hal_tim_ex.o
 .debug_info    0x00019e6e     0x4000 build/stm32f4xx_hal_uart.o
 .debug_info    0x0001de6e       0x30 build/startup_stm32f446xx.o
 .debug_info    0x0001de9e       0x3f C:/Users/silsp/AppData/Roaming/Code/User/globalStorage/bmd.stm32-for-vscode/@xpack-dev-tools/arm-none-eabi-gcc/13.2.1-1.1.1/.content/bin/../lib/gcc/arm-none-eabi/13.2.1/thumb/v7e-m+fp/hard\libgcc.a(_arm_muldf3.o)
 .debug_info    0x0001dedd       0xd3 C:/Users/silsp/AppData/Roaming/Code/User/globalStorage/bmd.stm32-for-vscode/@xpack-dev-tools/arm-none-eabi-gcc/13.2.1-1.1.1/.content/bin/../lib/gcc/arm-none-eabi/13.2.1/thumb/v7e-m+fp/hard\libgcc.a(_arm_addsubdf3.o)
 .debug_info    0x0001dfb0       0x3c C:/Users/silsp/AppData/Roaming/Code/User/globalStorage/bmd.stm32-for-vscode/@xpack-dev-tools/arm-none-eabi-gcc/13.2.1-1.1.1/.content/bin/../lib/gcc/arm-none-eabi/13.2.1/thumb/v7e-m+fp/hard\libgcc.a(_arm_fixdfsi.o)
 .debug_info    0x0001dfec       0x24 C:/Users/silsp/AppData/Roaming/Code/User/globalStorage/bmd.stm32-for-vscode/@xpack-dev-tools/arm-none-eabi-gcc/13.2.1-1.1.1/.content/bin/../lib/gcc/arm-none-eabi/13.2.1/thumb/v7e-m+fp/hard\libgcc.a(_aeabi_uldivmod.o)
 .debug_info    0x0001e010      0x703 C:/Users/silsp/AppData/Roaming/Code/User/globalStorage/bmd.stm32-for-vscode/@xpack-dev-tools/arm-none-eabi-gcc/13.2.1-1.1.1/.content/bin/../lib/gcc/arm-none-eabi/13.2.1/thumb/v7e-m+fp/hard\libgcc.a(_udivmoddi4.o)
 .debug_info    0x0001e713       0x3c C:/Users/silsp/AppData/Roaming/Code/User/globalStorage/bmd.stm32-for-vscode/@xpack-dev-tools/arm-none-eabi-gcc/13.2.1-1.1.1/.content/bin/../lib/gcc/arm-none-eabi/13.2.1/thumb/v7e-m+fp/hard\libgcc.a(_dvmd_tls.o)

.debug_abbrev   0x00000000     0x47f4
 .debug_abbrev  0x00000000      0x21a build/adc.o
 .debug_abbrev  0x0000021a      0x1c6 build/button.o
 .debug_abbrev  0x000003e0      0x1d2 build/button_driver.o
 .debug_abbrev  0x000005b2      0x12d build/dma.o
 .debug_abbrev  0x000006df      0x186 build/gpio.o
 .debug_abbrev  0x00000865      0x1d3 build/joystick.o
 .debug_abbrev  0x00000a38      0x30c build/lcd_driver.o
 .debug_abbrev  0x00000d44      0x2a3 build/lcd_menu.o
 .debug_abbrev  0x00000fe7      0x377 build/main.o
 .debug_abbrev  0x0000135e      0x1f4 build/music_player.o
 .debug_abbrev  0x00001552      0x16a build/my_display_handler.o
 .debug_abbrev  0x000016bc      0x1e8 build/my_event_handler.o
 .debug_abbrev  0x000018a4      0x27c build/my_funcs.o
 .debug_abbrev  0x00001b20      0x211 build/spi.o
 .debug_abbrev  0x00001d31       0xd6 build/stm32f4xx_hal_msp.o
 .debug_abbrev  0x00001e07      0x1f9 build/stm32f4xx_it.o
 .debug_abbrev  0x00002000       0xea build/sysmem.o
 .debug_abbrev  0x000020ea      0x11e build/system_stm32f4xx.o
 .debug_abbrev  0x00002208      0x2b9 build/tim.o
 .debug_abbrev  0x000024c1      0x24a build/usart.o
 .debug_abbrev  0x0000270b      0x240 build/stm32f4xx_hal.o
 .debug_abbrev  0x0000294b      0x278 build/stm32f4xx_hal_adc.o
 .debug_abbrev  0x00002bc3      0x39c build/stm32f4xx_hal_cortex.o
 .debug_abbrev  0x00002f5f      0x2c0 build/stm32f4xx_hal_dma.o
 .debug_abbrev  0x0000321f      0x202 build/stm32f4xx_hal_gpio.o
 .debug_abbrev  0x00003421      0x1e6 build/stm32f4xx_hal_pwr_ex.o
 .debug_abbrev  0x00003607      0x2c6 build/stm32f4xx_hal_rcc.o
 .debug_abbrev  0x000038cd      0x24f build/stm32f4xx_hal_rcc_ex.o
 .debug_abbrev  0x00003b1c      0x28b build/stm32f4xx_hal_spi.o
 .debug_abbrev  0x00003da7      0x271 build/stm32f4xx_hal_tim.o
 .debug_abbrev  0x00004018      0x26f build/stm32f4xx_hal_tim_ex.o
 .debug_abbrev  0x00004287      0x32f build/stm32f4xx_hal_uart.o
 .debug_abbrev  0x000045b6       0x24 build/startup_stm32f446xx.o
 .debug_abbrev  0x000045da       0x26 C:/Users/silsp/AppData/Roaming/Code/User/globalStorage/bmd.stm32-for-vscode/@xpack-dev-tools/arm-none-eabi-gcc/13.2.1-1.1.1/.content/bin/../lib/gcc/arm-none-eabi/13.2.1/thumb/v7e-m+fp/hard\libgcc.a(_arm_muldf3.o)
 .debug_abbrev  0x00004600       0x28 C:/Users/silsp/AppData/Roaming/Code/User/globalStorage/bmd.stm32-for-vscode/@xpack-dev-tools/arm-none-eabi-gcc/13.2.1-1.1.1/.content/bin/../lib/gcc/arm-none-eabi/13.2.1/thumb/v7e-m+fp/hard\libgcc.a(_arm_addsubdf3.o)
 .debug_abbrev  0x00004628       0x28 C:/Users/silsp/AppData/Roaming/Code/User/globalStorage/bmd.stm32-for-vscode/@xpack-dev-tools/arm-none-eabi-gcc/13.2.1-1.1.1/.content/bin/../lib/gcc/arm-none-eabi/13.2.1/thumb/v7e-m+fp/hard\libgcc.a(_arm_fixdfsi.o)
 .debug_abbrev  0x00004650       0x14 C:/Users/silsp/AppData/Roaming/Code/User/globalStorage/bmd.stm32-for-vscode/@xpack-dev-tools/arm-none-eabi-gcc/13.2.1-1.1.1/.content/bin/../lib/gcc/arm-none-eabi/13.2.1/thumb/v7e-m+fp/hard\libgcc.a(_aeabi_uldivmod.o)
 .debug_abbrev  0x00004664      0x16a C:/Users/silsp/AppData/Roaming/Code/User/globalStorage/bmd.stm32-for-vscode/@xpack-dev-tools/arm-none-eabi-gcc/13.2.1-1.1.1/.content/bin/../lib/gcc/arm-none-eabi/13.2.1/thumb/v7e-m+fp/hard\libgcc.a(_udivmoddi4.o)
 .debug_abbrev  0x000047ce       0x26 C:/Users/silsp/AppData/Roaming/Code/User/globalStorage/bmd.stm32-for-vscode/@xpack-dev-tools/arm-none-eabi-gcc/13.2.1-1.1.1/.content/bin/../lib/gcc/arm-none-eabi/13.2.1/thumb/v7e-m+fp/hard\libgcc.a(_dvmd_tls.o)

.debug_loclists
                0x00000000     0xd9d6
 .debug_loclists
                0x00000000       0x5c build/adc.o
 .debug_loclists
                0x0000005c       0xb9 build/button.o
 .debug_loclists
                0x00000115       0x87 build/button_driver.o
 .debug_loclists
                0x0000019c       0x59 build/joystick.o
 .debug_loclists
                0x000001f5      0x655 build/lcd_driver.o
 .debug_loclists
                0x0000084a      0x255 build/lcd_menu.o
 .debug_loclists
                0x00000a9f       0x63 build/main.o
 .debug_loclists
                0x00000b02       0x52 build/music_player.o
 .debug_loclists
                0x00000b54      0x1f3 build/my_display_handler.o
 .debug_loclists
                0x00000d47      0x37d build/my_event_handler.o
 .debug_loclists
                0x000010c4      0x157 build/my_funcs.o
 .debug_loclists
                0x0000121b       0x74 build/spi.o
 .debug_loclists
                0x0000128f       0x52 build/sysmem.o
 .debug_loclists
                0x000012e1       0xfa build/system_stm32f4xx.o
 .debug_loclists
                0x000013db       0xf1 build/tim.o
 .debug_loclists
                0x000014cc       0x5c build/usart.o
 .debug_loclists
                0x00001528       0xe1 build/stm32f4xx_hal.o
 .debug_loclists
                0x00001609      0x920 build/stm32f4xx_hal_adc.o
 .debug_loclists
                0x00001f29      0x54d build/stm32f4xx_hal_cortex.o
 .debug_loclists
                0x00002476      0x88a build/stm32f4xx_hal_dma.o
 .debug_loclists
                0x00002d00      0x386 build/stm32f4xx_hal_gpio.o
 .debug_loclists
                0x00003086      0x15a build/stm32f4xx_hal_pwr_ex.o
 .debug_loclists
                0x000031e0      0x3e5 build/stm32f4xx_hal_rcc.o
 .debug_loclists
                0x000035c5      0xa1a build/stm32f4xx_hal_rcc_ex.o
 .debug_loclists
                0x00003fdf     0x17c3 build/stm32f4xx_hal_spi.o
 .debug_loclists
                0x000057a2     0x37aa build/stm32f4xx_hal_tim.o
 .debug_loclists
                0x00008f4c     0x13ec build/stm32f4xx_hal_tim_ex.o
 .debug_loclists
                0x0000a338     0x2c89 build/stm32f4xx_hal_uart.o
 .debug_loclists
                0x0000cfc1      0xa15 C:/Users/silsp/AppData/Roaming/Code/User/globalStorage/bmd.stm32-for-vscode/@xpack-dev-tools/arm-none-eabi-gcc/13.2.1-1.1.1/.content/bin/../lib/gcc/arm-none-eabi/13.2.1/thumb/v7e-m+fp/hard\libgcc.a(_udivmoddi4.o)

.debug_aranges  0x00000000     0x13a0
 .debug_aranges
                0x00000000       0x30 build/adc.o
 .debug_aranges
                0x00000030       0x30 build/button.o
 .debug_aranges
                0x00000060       0x30 build/button_driver.o
 .debug_aranges
                0x00000090       0x20 build/dma.o
 .debug_aranges
                0x000000b0       0x20 build/gpio.o
 .debug_aranges
                0x000000d0       0x30 build/joystick.o
 .debug_aranges
                0x00000100       0xa0 build/lcd_driver.o
 .debug_aranges
                0x000001a0       0x60 build/lcd_menu.o
 .debug_aranges
                0x00000200       0x48 build/main.o
 .debug_aranges
                0x00000248       0x20 build/music_player.o
 .debug_aranges
                0x00000268       0x20 build/my_display_handler.o
 .debug_aranges
                0x00000288       0x30 build/my_event_handler.o
 .debug_aranges
                0x000002b8       0x40 build/my_funcs.o
 .debug_aranges
                0x000002f8       0x30 build/spi.o
 .debug_aranges
                0x00000328       0x20 build/stm32f4xx_hal_msp.o
 .debug_aranges
                0x00000348       0x88 build/stm32f4xx_it.o
 .debug_aranges
                0x000003d0       0x20 build/sysmem.o
 .debug_aranges
                0x000003f0       0x28 build/system_stm32f4xx.o
 .debug_aranges
                0x00000418       0x58 build/tim.o
 .debug_aranges
                0x00000470       0x30 build/usart.o
 .debug_aranges
                0x000004a0       0xf0 build/stm32f4xx_hal.o
 .debug_aranges
                0x00000590       0xe8 build/stm32f4xx_hal_adc.o
 .debug_aranges
                0x00000678       0xe8 build/stm32f4xx_hal_cortex.o
 .debug_aranges
                0x00000760       0x90 build/stm32f4xx_hal_dma.o
 .debug_aranges
                0x000007f0       0x58 build/stm32f4xx_hal_gpio.o
 .debug_aranges